\BOOKMARK [0][-]{chapter.1}{\376\377\170\002\170\076\060\001\224\301\134\121\060\001\176\323\127\242\162\151\060\001\207\041\173\111\116\225\173\122\121\205\166\204\217\320\171\373\123\312\122\006\136\003\211\304\137\213\170\024\172\166}{}% 1
\BOOKMARK [1][-]{section.1.1}{\376\377\127\372\147\054\164\006\213\272\124\214\152\041\142\337\147\141\116\366}{chapter.1}% 2
\BOOKMARK [2][-]{subsection.1.1.1}{\376\377\000E\000D\000E\000M\164\006\213\272\127\372\170\100}{section.1.1}% 3
\BOOKMARK [1][-]{section.1.2}{\376\377\116\225\173\122\121\205\224\301\134\121\217\320\171\373\123\312\122\006\136\003\211\304\137\213}{chapter.1}% 4
\BOOKMARK [2][-]{subsection.1.2.1}{\376\377\123\213\116\225\155\262\174\230\136\246\133\371\224\301\134\121\217\320\171\373\211\304\137\213\166\204\137\161\124\315}{section.1.2}% 5
\BOOKMARK [2][-]{subsection.1.2.2}{\376\377\123\213\116\225\155\262\155\101\220\037\133\371\224\301\134\121\217\320\171\373\211\304\137\213\166\204\137\161\124\315}{section.1.2}% 6
\BOOKMARK [2][-]{subsection.1.2.3}{\376\377\116\225\145\234\133\371\224\301\134\121\217\320\171\373\211\304\137\213\166\204\137\161\124\315}{section.1.2}% 7
\BOOKMARK [1][-]{section.1.3}{\376\377\116\225\173\122\121\205\176\323\127\242\162\151\217\320\171\373\123\312\122\006\136\003\211\304\137\213\170\024\172\166}{chapter.1}% 8
\BOOKMARK [2][-]{subsection.1.3.1}{\376\377\123\213\116\225\155\262\155\101\220\037\133\371\224\241\225\066\127\242\217\320\171\373\211\304\137\213\166\204\137\161\124\315}{section.1.3}% 9
\BOOKMARK [2][-]{subsection.1.3.2}{\376\377\116\225\145\234\133\371\224\241\225\066\127\242\217\320\171\373\211\304\137\213\166\204\137\161\124\315}{section.1.3}% 10
\BOOKMARK [1][-]{section.1.4}{\376\377\116\225\173\122\121\205\207\041\217\320\171\373\123\312\122\006\136\003\211\304\137\213\170\024\172\166}{chapter.1}% 11
\BOOKMARK [2][-]{subsection.1.4.1}{\376\377\123\213\116\225\155\262\155\101\220\037\133\371\207\041\127\242\217\320\171\373\211\304\137\213\166\204\137\161\124\315}{section.1.4}% 12
\BOOKMARK [2][-]{subsection.1.4.2}{\376\377\116\225\145\234\133\371\207\041\127\242\230\227\174\222\217\320\171\373\211\304\137\213\166\204\137\161\124\315}{section.1.4}% 13
\BOOKMARK [0][-]{chapter.2}{\376\377\116\225\173\122\121\205\230\227\174\222\217\320\171\373\133\236\232\214}{}% 14
\BOOKMARK [0][-]{chapter.3}{\376\377\155\361\136\246\156\005\155\001\135\345\121\167\213\276\213\241}{}% 15
\BOOKMARK [1][-]{section.3.1}{\376\377\040\034\116\011\124\010\116\000\040\035\201\011\121\262\137\017\121\262\122\056\122\067\226\306\142\020\137\017\116\225\173\122\156\005\155\001\135\345\121\167\213\276\213\241}{chapter.3}% 16
\BOOKMARK [1][-]{section.3.2}{\376\377\040\034\126\333\124\010\116\000\040\035\220\032\122\056\122\067\170\301\226\306\142\020\137\017\116\225\173\122\156\005\155\001\135\345\121\167\213\276\213\241}{chapter.3}% 17
\BOOKMARK [1][-]{section.3.3}{\376\377\131\047\133\271\221\317\137\072\170\301\124\070\226\104\135\345\121\167\213\276\213\241}{chapter.3}% 18
\BOOKMARK [1][-]{section.3.4}{\376\377\131\032\122\237\200\375\217\307\156\344\135\345\121\167\213\276\213\241}{chapter.3}% 19
\BOOKMARK [1][-]{section.3.5}{\376\377\123\357\123\330\137\204\122\056\173\241\135\345\121\167\213\276\213\241}{chapter.3}% 20
\BOOKMARK [0][-]{section.3.5}{\376\377\123\302\200\003\145\207\163\056}{}% 21
