This is XeTeX, Version 3.141592653-2.6-0.999998 (TeX Live 2026) (preloaded format=xelatex 2026.7.6)  9 OCT 2026 17:28
entering extended mode
 restricted \write18 enabled.
 file:line:error style messages enabled.
 %&-line parsing enabled.
**d:/LATEX_program/cleaning-tools/main
(d:/LATEX_program/cleaning-tools/main.tex
LaTeX2e <2025-11-01>
L3 programming layer <2026-01-19>
(d:/texlive/2026/texmf-dist/tex/latex/ctex/ctexrep.cls (d:/texlive/2026/texmf-dist/tex/latex/ctex/config/ctexbackend.cfg
File: ctexbackend.cfg 2022/07/14 v2.5.10 Backend configuration file (CTEX)
) (d:/texlive/2026/texmf-dist/tex/latex/l3kernel/expl3.sty
Package: expl3 2026-01-19 L3 programming layer (loader) 
 (d:/texlive/2026/texmf-dist/tex/latex/l3backend/l3backend-xetex.def
File: l3backend-xetex.def 2025-10-09 L3 backend support: XeTeX
\g__graphics_track_int=\count271
\g__pdfannot_backend_int=\count272
\g__pdfannot_backend_link_int=\count273
))
Document Class: ctexrep 2022/07/14 v2.5.10 Chinese adapter for class report (CTEX)
(d:/texlive/2026/texmf-dist/tex/latex/ctex/ctexhook.sty
Package: ctexhook 2022/07/14 v2.5.10 Document and package hooks (CTEX)
) (d:/texlive/2026/texmf-dist/tex/latex/ctex/ctexpatch.sty
Package: ctexpatch 2022/07/14 v2.5.10 Patching commands (CTEX)
) (d:/texlive/2026/texmf-dist/tex/latex/base/fix-cm.sty
Package: fix-cm 2020/11/24 v1.1t fixes to LaTeX
 (d:/texlive/2026/texmf-dist/tex/latex/base/ts1enc.def
File: ts1enc.def 2001/06/05 v3.0e (jk/car/fm) Standard LaTeX file
LaTeX Font Info:    Redeclaring font encoding TS1 on input line 47.
LaTeX Encoding Info:    Redeclaring text command \capitalcedilla (encoding TS1) on input line 49.
LaTeX Encoding Info:    Redeclaring text command \capitalogonek (encoding TS1) on input line 52.
LaTeX Encoding Info:    Redeclaring text command \capitalgrave (encoding TS1) on input line 55.
LaTeX Encoding Info:    Redeclaring text command \capitalacute (encoding TS1) on input line 56.
LaTeX Encoding Info:    Redeclaring text command \capitalcircumflex (encoding TS1) on input line 57.
LaTeX Encoding Info:    Redeclaring text command \capitaltilde (encoding TS1) on input line 58.
LaTeX Encoding Info:    Redeclaring text command \capitaldieresis (encoding TS1) on input line 59.
LaTeX Encoding Info:    Redeclaring text command \capitalhungarumlaut (encoding TS1) on input line 60.
LaTeX Encoding Info:    Redeclaring text command \capitalring (encoding TS1) on input line 61.
LaTeX Encoding Info:    Redeclaring text command \capitalcaron (encoding TS1) on input line 62.
LaTeX Encoding Info:    Redeclaring text command \capitalbreve (encoding TS1) on input line 63.
LaTeX Encoding Info:    Redeclaring text command \capitalmacron (encoding TS1) on input line 64.
LaTeX Encoding Info:    Redeclaring text command \capitaldotaccent (encoding TS1) on input line 65.
LaTeX Encoding Info:    Redeclaring text command \t (encoding TS1) on input line 66.
LaTeX Encoding Info:    Redeclaring text command \capitaltie (encoding TS1) on input line 67.
LaTeX Encoding Info:    Redeclaring text command \newtie (encoding TS1) on input line 68.
LaTeX Encoding Info:    Redeclaring text command \capitalnewtie (encoding TS1) on input line 69.
LaTeX Encoding Info:    Redeclaring text symbol \textcapitalcompwordmark (encoding TS1) on input line 70.
LaTeX Encoding Info:    Redeclaring text symbol \textascendercompwordmark (encoding TS1) on input line 71.
LaTeX Encoding Info:    Redeclaring text symbol \textquotestraightbase (encoding TS1) on input line 72.
LaTeX Encoding Info:    Redeclaring text symbol \textquotestraightdblbase (encoding TS1) on input line 73.
LaTeX Encoding Info:    Redeclaring text symbol \texttwelveudash (encoding TS1) on input line 74.
LaTeX Encoding Info:    Redeclaring text symbol \textthreequartersemdash (encoding TS1) on input line 75.
LaTeX Encoding Info:    Redeclaring text symbol \textleftarrow (encoding TS1) on input line 76.
LaTeX Encoding Info:    Redeclaring text symbol \textrightarrow (encoding TS1) on input line 77.
LaTeX Encoding Info:    Redeclaring text symbol \textblank (encoding TS1) on input line 78.
LaTeX Encoding Info:    Redeclaring text symbol \textdollar (encoding TS1) on input line 79.
LaTeX Encoding Info:    Redeclaring text symbol \textquotesingle (encoding TS1) on input line 80.
LaTeX Encoding Info:    Redeclaring text command \textasteriskcentered (encoding TS1) on input line 81.
LaTeX Encoding Info:    Redeclaring text symbol \textdblhyphen (encoding TS1) on input line 92.
LaTeX Encoding Info:    Redeclaring text symbol \textfractionsolidus (encoding TS1) on input line 93.
LaTeX Encoding Info:    Redeclaring text symbol \textzerooldstyle (encoding TS1) on input line 94.
LaTeX Encoding Info:    Redeclaring text symbol \textoneoldstyle (encoding TS1) on input line 95.
LaTeX Encoding Info:    Redeclaring text symbol \texttwooldstyle (encoding TS1) on input line 96.
LaTeX Encoding Info:    Redeclaring text symbol \textthreeoldstyle (encoding TS1) on input line 97.
LaTeX Encoding Info:    Redeclaring text symbol \textfouroldstyle (encoding TS1) on input line 98.
LaTeX Encoding Info:    Redeclaring text symbol \textfiveoldstyle (encoding TS1) on input line 99.
LaTeX Encoding Info:    Redeclaring text symbol \textsixoldstyle (encoding TS1) on input line 100.
LaTeX Encoding Info:    Redeclaring text symbol \textsevenoldstyle (encoding TS1) on input line 101.
LaTeX Encoding Info:    Redeclaring text symbol \texteightoldstyle (encoding TS1) on input line 102.
LaTeX Encoding Info:    Redeclaring text symbol \textnineoldstyle (encoding TS1) on input line 103.
LaTeX Encoding Info:    Redeclaring text symbol \textlangle (encoding TS1) on input line 104.
LaTeX Encoding Info:    Redeclaring text symbol \textminus (encoding TS1) on input line 105.
LaTeX Encoding Info:    Redeclaring text symbol \textrangle (encoding TS1) on input line 106.
LaTeX Encoding Info:    Redeclaring text symbol \textmho (encoding TS1) on input line 107.
LaTeX Encoding Info:    Redeclaring text symbol \textbigcircle (encoding TS1) on input line 108.
LaTeX Encoding Info:    Redeclaring text command \textcircled (encoding TS1) on input line 109.
LaTeX Encoding Info:    Redeclaring text symbol \textohm (encoding TS1) on input line 115.
LaTeX Encoding Info:    Redeclaring text symbol \textlbrackdbl (encoding TS1) on input line 116.
LaTeX Encoding Info:    Redeclaring text symbol \textrbrackdbl (encoding TS1) on input line 117.
LaTeX Encoding Info:    Redeclaring text symbol \textuparrow (encoding TS1) on input line 118.
LaTeX Encoding Info:    Redeclaring text symbol \textdownarrow (encoding TS1) on input line 119.
LaTeX Encoding Info:    Redeclaring text symbol \textasciigrave (encoding TS1) on input line 120.
LaTeX Encoding Info:    Redeclaring text symbol \textborn (encoding TS1) on input line 121.
LaTeX Encoding Info:    Redeclaring text symbol \textdivorced (encoding TS1) on input line 122.
LaTeX Encoding Info:    Redeclaring text symbol \textdied (encoding TS1) on input line 123.
LaTeX Encoding Info:    Redeclaring text symbol \textleaf (encoding TS1) on input line 124.
LaTeX Encoding Info:    Redeclaring text symbol \textmarried (encoding TS1) on input line 125.
LaTeX Encoding Info:    Redeclaring text symbol \textmusicalnote (encoding TS1) on input line 126.
LaTeX Encoding Info:    Redeclaring text symbol \texttildelow (encoding TS1) on input line 127.
LaTeX Encoding Info:    Redeclaring text symbol \textdblhyphenchar (encoding TS1) on input line 128.
LaTeX Encoding Info:    Redeclaring text symbol \textasciibreve (encoding TS1) on input line 129.
LaTeX Encoding Info:    Redeclaring text symbol \textasciicaron (encoding TS1) on input line 130.
LaTeX Encoding Info:    Redeclaring text symbol \textacutedbl (encoding TS1) on input line 131.
LaTeX Encoding Info:    Redeclaring text symbol \textgravedbl (encoding TS1) on input line 132.
LaTeX Encoding Info:    Redeclaring text symbol \textdagger (encoding TS1) on input line 133.
LaTeX Encoding Info:    Redeclaring text symbol \textdaggerdbl (encoding TS1) on input line 134.
LaTeX Encoding Info:    Redeclaring text symbol \textbardbl (encoding TS1) on input line 135.
LaTeX Encoding Info:    Redeclaring text symbol \textperthousand (encoding TS1) on input line 136.
LaTeX Encoding Info:    Redeclaring text symbol \textbullet (encoding TS1) on input line 137.
LaTeX Encoding Info:    Redeclaring text symbol \textcelsius (encoding TS1) on input line 138.
LaTeX Encoding Info:    Redeclaring text symbol \textdollaroldstyle (encoding TS1) on input line 139.
LaTeX Encoding Info:    Redeclaring text symbol \textcentoldstyle (encoding TS1) on input line 140.
LaTeX Encoding Info:    Redeclaring text symbol \textflorin (encoding TS1) on input line 141.
LaTeX Encoding Info:    Redeclaring text symbol \textcolonmonetary (encoding TS1) on input line 142.
LaTeX Encoding Info:    Redeclaring text symbol \textwon (encoding TS1) on input line 143.
LaTeX Encoding Info:    Redeclaring text symbol \textnaira (encoding TS1) on input line 144.
LaTeX Encoding Info:    Redeclaring text symbol \textguarani (encoding TS1) on input line 145.
LaTeX Encoding Info:    Redeclaring text symbol \textpeso (encoding TS1) on input line 146.
LaTeX Encoding Info:    Redeclaring text symbol \textlira (encoding TS1) on input line 147.
LaTeX Encoding Info:    Redeclaring text symbol \textrecipe (encoding TS1) on input line 148.
LaTeX Encoding Info:    Redeclaring text symbol \textinterrobang (encoding TS1) on input line 149.
LaTeX Encoding Info:    Redeclaring text symbol \textinterrobangdown (encoding TS1) on input line 150.
LaTeX Encoding Info:    Redeclaring text symbol \textdong (encoding TS1) on input line 151.
LaTeX Encoding Info:    Redeclaring text symbol \texttrademark (encoding TS1) on input line 152.
LaTeX Encoding Info:    Redeclaring text symbol \textpertenthousand (encoding TS1) on input line 153.
LaTeX Encoding Info:    Redeclaring text symbol \textpilcrow (encoding TS1) on input line 154.
LaTeX Encoding Info:    Redeclaring text symbol \textbaht (encoding TS1) on input line 155.
LaTeX Encoding Info:    Redeclaring text symbol \textnumero (encoding TS1) on input line 156.
LaTeX Encoding Info:    Redeclaring text symbol \textdiscount (encoding TS1) on input line 157.
LaTeX Encoding Info:    Redeclaring text symbol \textestimated (encoding TS1) on input line 158.
LaTeX Encoding Info:    Redeclaring text symbol \textopenbullet (encoding TS1) on input line 159.
LaTeX Encoding Info:    Redeclaring text symbol \textservicemark (encoding TS1) on input line 160.
LaTeX Encoding Info:    Redeclaring text symbol \textlquill (encoding TS1) on input line 161.
LaTeX Encoding Info:    Redeclaring text symbol \textrquill (encoding TS1) on input line 162.
LaTeX Encoding Info:    Redeclaring text symbol \textcent (encoding TS1) on input line 163.
LaTeX Encoding Info:    Redeclaring text symbol \textsterling (encoding TS1) on input line 164.
LaTeX Encoding Info:    Redeclaring text symbol \textcurrency (encoding TS1) on input line 165.
LaTeX Encoding Info:    Redeclaring text symbol \textyen (encoding TS1) on input line 166.
LaTeX Encoding Info:    Redeclaring text symbol \textbrokenbar (encoding TS1) on input line 167.
LaTeX Encoding Info:    Redeclaring text symbol \textsection (encoding TS1) on input line 168.
LaTeX Encoding Info:    Redeclaring text symbol \textasciidieresis (encoding TS1) on input line 169.
LaTeX Encoding Info:    Redeclaring text symbol \textcopyright (encoding TS1) on input line 170.
LaTeX Encoding Info:    Redeclaring text symbol \textordfeminine (encoding TS1) on input line 171.
LaTeX Encoding Info:    Redeclaring text symbol \textcopyleft (encoding TS1) on input line 172.
LaTeX Encoding Info:    Redeclaring text symbol \textlnot (encoding TS1) on input line 173.
LaTeX Encoding Info:    Redeclaring text symbol \textcircledP (encoding TS1) on input line 174.
LaTeX Encoding Info:    Redeclaring text symbol \textregistered (encoding TS1) on input line 175.
LaTeX Encoding Info:    Redeclaring text symbol \textasciimacron (encoding TS1) on input line 176.
LaTeX Encoding Info:    Redeclaring text symbol \textdegree (encoding TS1) on input line 177.
LaTeX Encoding Info:    Redeclaring text symbol \textpm (encoding TS1) on input line 178.
LaTeX Encoding Info:    Redeclaring text symbol \texttwosuperior (encoding TS1) on input line 179.
LaTeX Encoding Info:    Redeclaring text symbol \textthreesuperior (encoding TS1) on input line 180.
LaTeX Encoding Info:    Redeclaring text symbol \textasciiacute (encoding TS1) on input line 181.
LaTeX Encoding Info:    Redeclaring text symbol \textmu (encoding TS1) on input line 182.
LaTeX Encoding Info:    Redeclaring text symbol \textparagraph (encoding TS1) on input line 183.
LaTeX Encoding Info:    Redeclaring text symbol \textperiodcentered (encoding TS1) on input line 184.
LaTeX Encoding Info:    Redeclaring text symbol \textreferencemark (encoding TS1) on input line 185.
LaTeX Encoding Info:    Redeclaring text symbol \textonesuperior (encoding TS1) on input line 186.
LaTeX Encoding Info:    Redeclaring text symbol \textordmasculine (encoding TS1) on input line 187.
LaTeX Encoding Info:    Redeclaring text symbol \textsurd (encoding TS1) on input line 188.
LaTeX Encoding Info:    Redeclaring text symbol \textonequarter (encoding TS1) on input line 189.
LaTeX Encoding Info:    Redeclaring text symbol \textonehalf (encoding TS1) on input line 190.
LaTeX Encoding Info:    Redeclaring text symbol \textthreequarters (encoding TS1) on input line 191.
LaTeX Encoding Info:    Redeclaring text symbol \texteuro (encoding TS1) on input line 192.
LaTeX Encoding Info:    Redeclaring text symbol \texttimes (encoding TS1) on input line 193.
LaTeX Encoding Info:    Redeclaring text symbol \textdiv (encoding TS1) on input line 194.
))
\l__ctex_tmp_int=\count274
\l__ctex_tmp_box=\box53
\l__ctex_tmp_dim=\dimen148
\g__ctex_section_depth_int=\count275
\g__ctex_font_size_int=\count276
 (d:/texlive/2026/texmf-dist/tex/latex/ctex/config/ctexopts.cfg
File: ctexopts.cfg 2022/07/14 v2.5.10 Option configuration file (CTEX)
) (d:/texlive/2026/texmf-dist/tex/latex/base/report.cls
Document Class: report 2025/01/22 v1.4n Standard LaTeX document class
(d:/texlive/2026/texmf-dist/tex/latex/base/size12.clo
File: size12.clo 2025/01/22 v1.4n Standard LaTeX file (size option)
)
\c@part=\count277
\c@chapter=\count278
\c@section=\count279
\c@subsection=\count280
\c@subsubsection=\count281
\c@paragraph=\count282
\c@subparagraph=\count283
\c@figure=\count284
\c@table=\count285
\abovecaptionskip=\skip49
\belowcaptionskip=\skip50
\bibindent=\dimen149
) (d:/texlive/2026/texmf-dist/tex/latex/ctex/engine/ctex-engine-xetex.def
File: ctex-engine-xetex.def 2022/07/14 v2.5.10 XeLaTeX adapter (CTEX)
 (d:/texlive/2026/texmf-dist/tex/xelatex/xecjk/xeCJK.sty
Package: xeCJK 2022/08/05 v3.9.1 Typesetting CJK scripts with XeLaTeX
 (d:/texlive/2026/texmf-dist/tex/latex/l3packages/xtemplate/xtemplate.sty
Package: xtemplate 2025-10-09 L3 Experimental prototype document functions
)
\l__xeCJK_tmp_int=\count286
\l__xeCJK_tmp_box=\box54
\l__xeCJK_tmp_dim=\dimen150
\l__xeCJK_tmp_skip=\skip51
\g__xeCJK_space_factor_int=\count287
\l__xeCJK_begin_int=\count288
\l__xeCJK_end_int=\count289
\c__xeCJK_CJK_class_int=\XeTeXcharclass1
\c__xeCJK_FullLeft_class_int=\XeTeXcharclass2
\c__xeCJK_FullRight_class_int=\XeTeXcharclass3
\c__xeCJK_HalfLeft_class_int=\XeTeXcharclass4
\c__xeCJK_HalfRight_class_int=\XeTeXcharclass5
\c__xeCJK_NormalSpace_class_int=\XeTeXcharclass6
\c__xeCJK_CM_class_int=\XeTeXcharclass7
\c__xeCJK_HangulJamo_class_int=\XeTeXcharclass8
\l__xeCJK_last_skip=\skip52
\c__xeCJK_none_node=\count290
\g__xeCJK_node_int=\count291
\c__xeCJK_CJK_node_dim=\dimen151
\c__xeCJK_CJK-space_node_dim=\dimen152
\c__xeCJK_default_node_dim=\dimen153
\c__xeCJK_CJK-widow_node_dim=\dimen154
\c__xeCJK_normalspace_node_dim=\dimen155
\c__xeCJK_default-space_node_skip=\skip53
\l__xeCJK_ccglue_skip=\skip54
\l__xeCJK_ecglue_skip=\skip55
\l__xeCJK_punct_kern_skip=\skip56
\l__xeCJK_indent_box=\box55
\l__xeCJK_last_penalty_int=\count292
\l__xeCJK_last_bound_dim=\dimen156
\l__xeCJK_last_kern_dim=\dimen157
\l__xeCJK_widow_penalty_int=\count293

LaTeX template Info: Declaring template type 'xeCJK/punctuation' taking 0
(template)           argument(s) on line 2396.

\l__xeCJK_fixed_punct_width_dim=\dimen158
\l__xeCJK_mixed_punct_width_dim=\dimen159
\l__xeCJK_middle_punct_width_dim=\dimen160
\l__xeCJK_fixed_margin_width_dim=\dimen161
\l__xeCJK_mixed_margin_width_dim=\dimen162
\l__xeCJK_middle_margin_width_dim=\dimen163
\l__xeCJK_bound_punct_width_dim=\dimen164
\l__xeCJK_bound_margin_width_dim=\dimen165
\l__xeCJK_margin_minimum_dim=\dimen166
\l__xeCJK_kerning_total_width_dim=\dimen167
\l__xeCJK_same_align_margin_dim=\dimen168
\l__xeCJK_different_align_margin_dim=\dimen169
\l__xeCJK_kerning_margin_width_dim=\dimen170
\l__xeCJK_kerning_margin_minimum_dim=\dimen171
\l__xeCJK_bound_dim=\dimen172
\l__xeCJK_reverse_bound_dim=\dimen173
\l__xeCJK_margin_dim=\dimen174
\l__xeCJK_minimum_bound_dim=\dimen175
\l__xeCJK_kerning_margin_dim=\dimen176
\g__xeCJK_family_int=\count294
\l__xeCJK_fam_int=\count295
\g__xeCJK_fam_allocation_int=\count296
\l__xeCJK_verb_case_int=\count297
\l__xeCJK_verb_exspace_skip=\skip57
 (d:/texlive/2026/texmf-dist/tex/latex/fontspec/fontspec.sty (d:/texlive/2026/texmf-dist/tex/latex/l3packages/xparse/xparse.sty
Package: xparse 2025-10-09 L3 Experimental document command parser
)
Package: fontspec 2025/09/29 v2.9g Font selection for XeLaTeX and LuaLaTeX
 (d:/texlive/2026/texmf-dist/tex/latex/fontspec/fontspec-xetex.sty
Package: fontspec-xetex 2025/09/29 v2.9g Font selection for XeLaTeX and LuaLaTeX
\l__fontspec_script_int=\count298
\l__fontspec_language_int=\count299
\l__fontspec_strnum_int=\count300
\l__fontspec_tmp_int=\count301
\l__fontspec_tmpa_int=\count302
\l__fontspec_tmpb_int=\count303
\l__fontspec_tmpc_int=\count304
\l__fontspec_em_int=\count305
\l__fontspec_emdef_int=\count306
\l__fontspec_strong_int=\count307
\l__fontspec_strongdef_int=\count308
\l__fontspec_tmpa_dim=\dimen177
\l__fontspec_tmpb_dim=\dimen178
\l__fontspec_tmpc_dim=\dimen179
 (d:/texlive/2026/texmf-dist/tex/latex/base/fontenc.sty
Package: fontenc 2025/07/18 v2.1d Standard LaTeX package
) (d:/texlive/2026/texmf-dist/tex/latex/fontspec/fontspec.cfg))) (d:/texlive/2026/texmf-dist/tex/xelatex/xecjk/xeCJK.cfg
File: xeCJK.cfg 2022/08/05 v3.9.1 Configuration file for xeCJK package
))
\ccwd=\dimen180
\l__ctex_ccglue_skip=\skip58
)
\l__ctex_ziju_dim=\dimen181
 (d:/texlive/2026/texmf-dist/tex/latex/zhnumber/zhnumber.sty
Package: zhnumber 2022/07/14 v3.0 Typesetting numbers with Chinese glyphs
\l__zhnum_scale_int=\count309
\l__zhnum_tmp_int=\count310
 (d:/texlive/2026/texmf-dist/tex/latex/zhnumber/zhnumber-utf8.cfg
File: zhnumber-utf8.cfg 2022/07/14 v3.0 Chinese numerals with UTF8 encoding
))
\l__ctex_heading_skip=\skip59
 (d:/texlive/2026/texmf-dist/tex/latex/ctex/scheme/ctex-scheme-chinese-report.def
File: ctex-scheme-chinese-report.def 2022/07/14 v2.5.10 Chinese scheme for report (CTEX)
 (d:/texlive/2026/texmf-dist/tex/latex/ctex/config/ctex-name-utf8.cfg
File: ctex-name-utf8.cfg 2022/07/14 v2.5.10 Caption with encoding UTF-8 (CTEX)
)) (d:/texlive/2026/texmf-dist/tex/latex/ctex/ctex-cs4size.clo
File: ctex-cs4size.clo 2022/07/14 v2.5.10 cs4size option (CTEX)
) (d:/texlive/2026/texmf-dist/tex/latex/ctex/fontset/ctex-fontset-windows.def
File: ctex-fontset-windows.def 2022/07/14 v2.5.10 Windows fonts definition (CTEX)

Package fontspec Info: 
(fontspec)             Could not resolve font "KaiTi/B" (it probably doesn't
(fontspec)             exist).


Package fontspec Info: 
(fontspec)             Could not resolve font "SimHei/I" (it probably doesn't
(fontspec)             exist).


Package fontspec Info: 
(fontspec)             Could not resolve font "SimSun/BI" (it probably doesn't
(fontspec)             exist).


Package fontspec Info: 
(fontspec)             Font family 'SimSun(0)' created for font 'SimSun' with
(fontspec)             options
(fontspec)             [Script={CJK},BoldFont={SimHei},ItalicFont={KaiTi}].
(fontspec)              
(fontspec)              This font family consists of the following NFSS
(fontspec)             series/shapes:
(fontspec)              
(fontspec)             - 'normal' (m/n) with NFSS spec.:
(fontspec)             <->"SimSun/OT:script=hani;language=dflt;"
(fontspec)             - 'bold' (b/n) with NFSS spec.:
(fontspec)             <->"SimHei/OT:script=hani;language=dflt;"
(fontspec)             - 'italic' (m/it) with NFSS spec.:
(fontspec)             <->"KaiTi/OT:script=hani;language=dflt;"

)) (d:/texlive/2026/texmf-dist/tex/latex/ctex/config/ctex.cfg
File: ctex.cfg 2022/07/14 v2.5.10 Configuration file (CTEX)
) (d:/texlive/2026/texmf-dist/tex/latex/newtx/newtxtext.sty
Package: newtxtext 2024/04/01 v1.744(Michael Sharpe) latex and unicode latex support for TeXGyreTermesX
 `newtxtext' v1.744, 2024/04/01 Text macros taking advantage of TeXGyre Termes and its extensions (msharpe) (d:/texlive/2026/texmf-dist/tex/latex/xpatch/xpatch.sty
Package: xpatch 2020/03/25 v0.3a Extending etoolbox patching commands
 (d:/texlive/2026/texmf-dist/tex/latex/etoolbox/etoolbox.sty
Package: etoolbox 2025/10/02 v2.5m e-TeX tools for LaTeX (JAW)
\etb@tempcnta=\count311
)) (d:/texlive/2026/texmf-dist/tex/latex/xcolor/xcolor.sty
Package: xcolor 2024/09/29 v3.02 LaTeX color extensions (UK)
 (d:/texlive/2026/texmf-dist/tex/latex/graphics-cfg/color.cfg
File: color.cfg 2016/01/02 v1.6 sample color configuration
)
Package xcolor Info: Driver file: xetex.def on input line 274.
 (d:/texlive/2026/texmf-dist/tex/latex/graphics-def/xetex.def
File: xetex.def 2025/11/01 v5.0p Graphics/color driver for xetex
) (d:/texlive/2026/texmf-dist/tex/latex/graphics/mathcolor.ltx)
Package xcolor Info: Model `cmy' substituted by `cmy0' on input line 1349.
Package xcolor Info: Model `RGB' extended on input line 1365.
Package xcolor Info: Model `HTML' substituted by `rgb' on input line 1367.
Package xcolor Info: Model `Hsb' substituted by `hsb' on input line 1368.
Package xcolor Info: Model `tHsb' substituted by `hsb' on input line 1369.
Package xcolor Info: Model `HSB' substituted by `hsb' on input line 1370.
Package xcolor Info: Model `Gray' substituted by `gray' on input line 1371.
Package xcolor Info: Model `wave' substituted by `hsb' on input line 1372.
) (d:/texlive/2026/texmf-dist/tex/generic/iftex/iftex.sty
Package: iftex 2024/12/12 v1.0g TeX engine tests
) (d:/texlive/2026/texmf-dist/tex/latex/xkeyval/xkeyval.sty
Package: xkeyval 2025/11/04 v2.10 package option processing (HA)
 (d:/texlive/2026/texmf-dist/tex/generic/xkeyval/xkeyval.tex (d:/texlive/2026/texmf-dist/tex/generic/xkeyval/xkvutils.tex
\XKV@toks=\toks17
\XKV@tempa@toks=\toks18
\XKV@tempb@toks=\toks19
 (d:/texlive/2026/texmf-dist/tex/generic/xkeyval/keyval.tex))
\XKV@depth=\count312
File: xkeyval.tex 2014/12/03 v2.7a key=value parser (HA)
)) (d:/texlive/2026/texmf-dist/tex/latex/base/textcomp.sty
Package: textcomp 2024/04/24 v2.1b Standard LaTeX package
) (d:/texlive/2026/texmf-dist/tex/generic/xstring/xstring.sty (d:/texlive/2026/texmf-dist/tex/generic/xstring/xstring.tex
\xs_counta=\count313
\xs_countb=\count314
)
Package: xstring 2023/08/22 v1.86 String manipulations (CT)
) (d:/texlive/2026/texmf-dist/tex/latex/base/ifthen.sty
Package: ifthen 2024/03/16 v1.1e Standard LaTeX ifthen package (DPC)
) (d:/texlive/2026/texmf-dist/tex/latex/carlisle/scalefnt.sty)
LaTeX Font Info:    Setting ntxLF sub-encoding to TS1/0 on input line 24.
LaTeX Font Info:    Setting ntxTLF sub-encoding to TS1/0 on input line 24.
LaTeX Font Info:    Setting ntxOsF sub-encoding to TS1/0 on input line 24.
LaTeX Font Info:    Setting ntxTOsF sub-encoding to TS1/0 on input line 24.
 (d:/texlive/2026/texmf-dist/tex/generic/kastrup/binhex.tex)
\ntx@tmpcnta=\count315
\ntx@cnt=\count316
LaTeX Info: Redefining \oldstylenums on input line 611.
LaTeX Info: Redefining \liningnums on input line 615.
\tx@sixem=\dimen182
\tx@y=\dimen183
\tx@x=\dimen184
\tx@tmpdima=\dimen185
\tx@tmpdimb=\dimen186
\tx@tmpdimc=\dimen187
\tx@tmpdimd=\dimen188
\tx@tmpdime=\dimen189
\tx@tmpdimf=\dimen190
\tx@dimA=\dimen191
\tx@dimAA=\dimen192
\tx@dimB=\dimen193
\tx@dimBB=\dimen194
\tx@dimC=\dimen195
) (d:/texlive/2026/texmf-dist/tex/latex/geometry/geometry.sty
Package: geometry 2020/01/02 v5.9 Page Geometry
 (d:/texlive/2026/texmf-dist/tex/generic/iftex/ifvtex.sty
Package: ifvtex 2019/10/25 v1.7 ifvtex legacy package. Use iftex instead.
)
\Gm@cnth=\count317
\Gm@cntv=\count318
\c@Gm@tempcnt=\count319
\Gm@bindingoffset=\dimen196
\Gm@wd@mp=\dimen197
\Gm@odd@mp=\dimen198
\Gm@even@mp=\dimen199
\Gm@layoutwidth=\dimen256
\Gm@layoutheight=\dimen257
\Gm@layouthoffset=\dimen258
\Gm@layoutvoffset=\dimen259
\Gm@dimlist=\toks20
) (d:/texlive/2026/texmf-dist/tex/latex/fancyhdr/fancyhdr.sty
Package: fancyhdr 2025/02/07 v5.2 Extensive control of page headers and footers
\f@nch@headwidth=\skip60
\f@nch@offset@elh=\skip61
\f@nch@offset@erh=\skip62
\f@nch@offset@olh=\skip63
\f@nch@offset@orh=\skip64
\f@nch@offset@elf=\skip65
\f@nch@offset@erf=\skip66
\f@nch@offset@olf=\skip67
\f@nch@offset@orf=\skip68
\f@nch@height=\skip69
\f@nch@footalignment=\skip70
\f@nch@widthL=\skip71
\f@nch@widthC=\skip72
\f@nch@widthR=\skip73
\@temptokenb=\toks21
) (d:/texlive/2026/texmf-dist/tex/latex/enumitem/enumitem.sty
Package: enumitem 2025/02/06 v3.11 Customized lists
\enitkv@toks@=\toks22
\labelindent=\skip74
\enit@outerparindent=\dimen260
\enit@toks=\toks23
\enit@inbox=\box56
\enit@count@id=\count320
\enitdp@description=\count321
)
\c@circlist=\count322
\c@paralisti=\count323
\enitdp@paralist=\count324
 (d:/texlive/2026/texmf-dist/tex/latex/hyperref/hyperref.sty
Package: hyperref 2026-01-29 v7.01p Hypertext links for LaTeX
 (d:/texlive/2026/texmf-dist/tex/latex/kvsetkeys/kvsetkeys.sty
Package: kvsetkeys 2022-10-05 v1.19 Key value parser (HO)
) (d:/texlive/2026/texmf-dist/tex/generic/kvdefinekeys/kvdefinekeys.sty
Package: kvdefinekeys 2019-12-19 v1.6 Define keys (HO)
) (d:/texlive/2026/texmf-dist/tex/generic/pdfescape/pdfescape.sty
Package: pdfescape 2019/12/09 v1.15 Implements pdfTeX's escape features (HO)
 (d:/texlive/2026/texmf-dist/tex/generic/ltxcmds/ltxcmds.sty
Package: ltxcmds 2023-12-04 v1.26 LaTeX kernel commands for general use (HO)
) (d:/texlive/2026/texmf-dist/tex/generic/pdftexcmds/pdftexcmds.sty
Package: pdftexcmds 2020-06-27 v0.33 Utility functions of pdfTeX for LuaTeX (HO)
 (d:/texlive/2026/texmf-dist/tex/generic/infwarerr/infwarerr.sty
Package: infwarerr 2019/12/03 v1.5 Providing info/warning/error messages (HO)
)
Package pdftexcmds Info: \pdf@primitive is available.
Package pdftexcmds Info: \pdf@ifprimitive is available.
Package pdftexcmds Info: \pdfdraftmode not found.
)) (d:/texlive/2026/texmf-dist/tex/latex/hycolor/hycolor.sty
Package: hycolor 2020-01-27 v1.10 Color options for hyperref/bookmark (HO)
) (d:/texlive/2026/texmf-dist/tex/latex/hyperref/nameref.sty
Package: nameref 2026-01-29 v2.58 Cross-referencing by name of section
 (d:/texlive/2026/texmf-dist/tex/latex/refcount/refcount.sty
Package: refcount 2019/12/15 v3.6 Data extraction from label references (HO)
) (d:/texlive/2026/texmf-dist/tex/generic/gettitlestring/gettitlestring.sty
Package: gettitlestring 2019/12/15 v1.6 Cleanup title references (HO)
 (d:/texlive/2026/texmf-dist/tex/latex/kvoptions/kvoptions.sty
Package: kvoptions 2022-06-15 v3.15 Key value format for package options (HO)
))
\c@section@level=\count325
) (d:/texlive/2026/texmf-dist/tex/generic/stringenc/stringenc.sty
Package: stringenc 2019/11/29 v1.12 Convert strings between diff. encodings (HO)
)
\@linkdim=\dimen261
\Hy@linkcounter=\count326
\Hy@pagecounter=\count327
 (d:/texlive/2026/texmf-dist/tex/latex/hyperref/pd1enc.def
File: pd1enc.def 2026-01-29 v7.01p Hyperref: PDFDocEncoding definition (HO)
) (d:/texlive/2026/texmf-dist/tex/generic/intcalc/intcalc.sty
Package: intcalc 2019/12/15 v1.3 Expandable calculations with integers (HO)
)
\Hy@SavedSpaceFactor=\count328
 (d:/texlive/2026/texmf-dist/tex/latex/hyperref/puenc.def
File: puenc.def 2026-01-29 v7.01p Hyperref: PDF Unicode definition (HO)
)
Package hyperref Info: Option `unicode' set `true' on input line 4072.
Package hyperref Info: Hyper figures OFF on input line 4201.
Package hyperref Info: Link nesting OFF on input line 4206.
Package hyperref Info: Hyper index ON on input line 4209.
Package hyperref Info: Plain pages OFF on input line 4216.
Package hyperref Info: Backreferencing OFF on input line 4221.
Package hyperref Info: Implicit mode ON; LaTeX internals redefined.
Package hyperref Info: Bookmarks ON on input line 4468.
\c@Hy@tempcnt=\count329
 (d:/texlive/2026/texmf-dist/tex/latex/url/url.sty
\Urlmuskip=\muskip17
Package: url 2013/09/16  ver 3.4  Verb mode for urls, etc.
)
LaTeX Info: Redefining \url on input line 4807.
\XeTeXLinkMargin=\dimen262
 (d:/texlive/2026/texmf-dist/tex/generic/bitset/bitset.sty
Package: bitset 2019/12/09 v1.3 Handle bit-vector datatype (HO)
 (d:/texlive/2026/texmf-dist/tex/generic/bigintcalc/bigintcalc.sty
Package: bigintcalc 2019/12/15 v1.5 Expandable calculations on big integers (HO)
))
\Fld@menulength=\count330
\Field@Width=\dimen263
\Fld@charsize=\dimen264
Package hyperref Info: Hyper figures OFF on input line 6084.
Package hyperref Info: Link nesting OFF on input line 6089.
Package hyperref Info: Hyper index ON on input line 6092.
Package hyperref Info: backreferencing OFF on input line 6099.
Package hyperref Info: Link coloring OFF on input line 6104.
Package hyperref Info: Link coloring with OCG OFF on input line 6109.
Package hyperref Info: PDF/A mode OFF on input line 6114.
\Hy@abspage=\count331
\c@Item=\count332
\c@Hfootnote=\count333
)
Package hyperref Info: Driver (autodetected): hxetex.
 (d:/texlive/2026/texmf-dist/tex/latex/hyperref/hxetex.def
File: hxetex.def 2026-01-29 v7.01p Hyperref driver for XeTeX
\pdfm@box=\box57
\c@Hy@AnnotLevel=\count334
\HyField@AnnotCount=\count335
\Fld@listcount=\count336
\c@bookmark@seq@number=\count337
 (d:/texlive/2026/texmf-dist/tex/latex/rerunfilecheck/rerunfilecheck.sty
Package: rerunfilecheck 2025-06-21 v1.11 Rerun checks for auxiliary files (HO)
 (d:/texlive/2026/texmf-dist/tex/generic/uniquecounter/uniquecounter.sty
Package: uniquecounter 2019/12/15 v1.4 Provide unlimited unique counter (HO)
)
Package uniquecounter Info: New unique counter `rerunfilecheck' on input line 284.
)
\Hy@SectionHShift=\skip75
)
Package hyperref Info: Option `colorlinks' set `true' on input line 84.
 (d:/texlive/2026/texmf-dist/tex/latex/titlesec/titlesec.sty
Package: titlesec 2025/01/04 v2.17 Sectioning titles
\ttl@box=\box58
\beforetitleunit=\skip76
\aftertitleunit=\skip77
\ttl@plus=\dimen265
\ttl@minus=\dimen266
\ttl@toksa=\toks24
\titlewidth=\dimen267
\titlewidthlast=\dimen268
\titlewidthfirst=\dimen269
) (d:/texlive/2026/texmf-dist/tex/latex/tools/indentfirst.sty
Package: indentfirst 2023/07/02 v1.03 Indent first paragraph (DPC)
) (d:/texlive/2026/texmf-dist/tex/latex/graphics/graphicx.sty
Package: graphicx 2024/12/31 v1.2e Enhanced LaTeX Graphics (DPC,SPQR)
 (d:/texlive/2026/texmf-dist/tex/latex/graphics/graphics.sty
Package: graphics 2024/08/06 v1.4g Standard LaTeX Graphics (DPC,SPQR)
 (d:/texlive/2026/texmf-dist/tex/latex/graphics/trig.sty
Package: trig 2023/12/02 v1.11 sin cos tan (DPC)
) (d:/texlive/2026/texmf-dist/tex/latex/graphics-cfg/graphics.cfg
File: graphics.cfg 2016/06/04 v1.11 sample graphics configuration
)
Package graphics Info: Driver file: xetex.def on input line 106.
)
\Gin@req@height=\dimen270
\Gin@req@width=\dimen271
) (d:/texlive/2026/texmf-dist/tex/latex/float/float.sty
Package: float 2001/11/08 v1.3d Float enhancements (AL)
\c@float@type=\count338
\float@exts=\toks25
\float@box=\box59
\@float@everytoks=\toks26
\@floatcapt=\box60
) (d:/texlive/2026/texmf-dist/tex/latex/booktabs/booktabs.sty
Package: booktabs 2020/01/12 v1.61803398 Publication quality tables
\heavyrulewidth=\dimen272
\lightrulewidth=\dimen273
\cmidrulewidth=\dimen274
\belowrulesep=\dimen275
\belowbottomsep=\dimen276
\aboverulesep=\dimen277
\abovetopsep=\dimen278
\cmidrulesep=\dimen279
\cmidrulekern=\dimen280
\defaultaddspace=\dimen281
\@cmidla=\count339
\@cmidlb=\count340
\@aboverulesep=\dimen282
\@belowrulesep=\dimen283
\@thisruleclass=\count341
\@lastruleclass=\count342
\@thisrulewidth=\dimen284
) (d:/texlive/2026/texmf-dist/tex/latex/amsmath/amsmath.sty
Package: amsmath 2025/07/09 v2.17z AMS math features
\@mathmargin=\skip78

For additional information on amsmath, use the `?' option.
(d:/texlive/2026/texmf-dist/tex/latex/amsmath/amstext.sty
Package: amstext 2024/11/17 v2.01 AMS text
 (d:/texlive/2026/texmf-dist/tex/latex/amsmath/amsgen.sty
File: amsgen.sty 1999/11/30 v2.0 generic functions
\@emptytoks=\toks27
\ex@=\dimen285
)) (d:/texlive/2026/texmf-dist/tex/latex/amsmath/amsbsy.sty
Package: amsbsy 1999/11/29 v1.2d Bold Symbols
\pmbraise@=\dimen286
) (d:/texlive/2026/texmf-dist/tex/latex/amsmath/amsopn.sty
Package: amsopn 2022/04/08 v2.04 operator names
)
\inf@bad=\count343
LaTeX Info: Redefining \frac on input line 233.
\uproot@=\count344
\leftroot@=\count345
LaTeX Info: Redefining \overline on input line 398.
LaTeX Info: Redefining \colon on input line 409.
\classnum@=\count346
\DOTSCASE@=\count347
LaTeX Info: Redefining \ldots on input line 495.
LaTeX Info: Redefining \dots on input line 498.
LaTeX Info: Redefining \cdots on input line 619.
\Mathstrutbox@=\box61
\strutbox@=\box62
LaTeX Info: Redefining \big on input line 721.
LaTeX Info: Redefining \Big on input line 722.
LaTeX Info: Redefining \bigg on input line 723.
LaTeX Info: Redefining \Bigg on input line 724.
\big@size=\dimen287
LaTeX Font Info:    Redeclaring font encoding OML on input line 742.
LaTeX Font Info:    Redeclaring font encoding OMS on input line 743.
\macc@depth=\count348
LaTeX Info: Redefining \bmod on input line 904.
LaTeX Info: Redefining \pmod on input line 909.
LaTeX Info: Redefining \smash on input line 939.
LaTeX Info: Redefining \relbar on input line 969.
LaTeX Info: Redefining \Relbar on input line 970.
\c@MaxMatrixCols=\count349
\dotsspace@=\muskip18
\c@parentequation=\count350
\dspbrk@lvl=\count351
\tag@help=\toks28
\row@=\count352
\column@=\count353
\maxfields@=\count354
\andhelp@=\toks29
\eqnshift@=\dimen288
\alignsep@=\dimen289
\tagshift@=\dimen290
\tagwidth@=\dimen291
\totwidth@=\dimen292
\lineht@=\dimen293
\@envbody=\toks30
\multlinegap=\skip79
\multlinetaggap=\skip80
\mathdisplay@stack=\toks31
LaTeX Info: Redefining \[ on input line 2950.
LaTeX Info: Redefining \] on input line 2951.
) (d:/texlive/2026/texmf-dist/tex/latex/amsfonts/amssymb.sty
Package: amssymb 2013/01/14 v3.01 AMS font symbols
 (d:/texlive/2026/texmf-dist/tex/latex/amsfonts/amsfonts.sty
Package: amsfonts 2013/01/14 v3.01 Basic AMSFonts support
\symAMSa=\mathgroup4
\symAMSb=\mathgroup5
LaTeX Font Info:    Redeclaring math symbol \hbar on input line 98.
LaTeX Font Info:    Overwriting math alphabet `\mathfrak' in version `bold'
(Font)                  U/euf/m/n --> U/euf/b/n on input line 106.
)) (d:/texlive/2026/texmf-dist/tex/latex/tools/bm.sty
Package: bm 2025/10/21 v1.2g Bold Symbol Support (DPC/FMi)
\symboldoperators=\mathgroup6
\symboldletters=\mathgroup7
\symboldsymbols=\mathgroup8
Package bm Info: No bold for \OMX/cmex/m/n, using \pmb.
Package bm Info: No bold for \U/msa/m/n, using \pmb.
Package bm Info: No bold for \U/msb/m/n, using \pmb.
LaTeX Font Info:    Redeclaring math alphabet \mathbf on input line 149.
) (d:/texlive/2026/texmf-dist/tex/latex/caption/caption.sty
Package: caption 2023/08/05 v3.6o Customizing captions (AR)
 (d:/texlive/2026/texmf-dist/tex/latex/caption/caption3.sty
Package: caption3 2023/07/31 v2.4d caption3 kernel (AR)
\caption@tempdima=\dimen294
\captionmargin=\dimen295
\caption@leftmargin=\dimen296
\caption@rightmargin=\dimen297
\caption@width=\dimen298
\caption@indent=\dimen299
\caption@parindent=\dimen300
\caption@hangindent=\dimen301
Package caption Info: Standard document class detected.
)
\c@caption@flags=\count355
\c@continuedfloat=\count356
Package caption Info: float package is loaded.
Package caption Info: hyperref package is loaded.
) (d:/texlive/2026/texmf-dist/tex/latex/setspace/setspace.sty
Package: setspace 2022/12/04 v6.7b set line spacing
) (d:/texlive/2026/texmf-dist/tex/latex/pgf/frontendlayer/tikz.sty (d:/texlive/2026/texmf-dist/tex/latex/pgf/basiclayer/pgf.sty (d:/texlive/2026/texmf-dist/tex/latex/pgf/utilities/pgfrcs.sty (d:/texlive/2026/texmf-dist/tex/generic/pgf/utilities/pgfutil-common.tex
\pgfutil@everybye=\toks32
\pgfutil@tempdima=\dimen302
\pgfutil@tempdimb=\dimen303
) (d:/texlive/2026/texmf-dist/tex/generic/pgf/utilities/pgfutil-latex.def
\pgfutil@abb=\box63
) (d:/texlive/2026/texmf-dist/tex/generic/pgf/utilities/pgfrcs.code.tex (d:/texlive/2026/texmf-dist/tex/generic/pgf/pgf.revision.tex)
Package: pgfrcs 2025-08-29 v3.1.11a (3.1.11a)
))
Package: pgf 2025-08-29 v3.1.11a (3.1.11a)
 (d:/texlive/2026/texmf-dist/tex/latex/pgf/basiclayer/pgfcore.sty (d:/texlive/2026/texmf-dist/tex/latex/pgf/systemlayer/pgfsys.sty (d:/texlive/2026/texmf-dist/tex/generic/pgf/systemlayer/pgfsys.code.tex
Package: pgfsys 2025-08-29 v3.1.11a (3.1.11a)
 (d:/texlive/2026/texmf-dist/tex/generic/pgf/utilities/pgfkeys.code.tex
\pgfkeys@pathtoks=\toks33
\pgfkeys@temptoks=\toks34
 (d:/texlive/2026/texmf-dist/tex/generic/pgf/utilities/pgfkeyslibraryfiltered.code.tex
\pgfkeys@tmptoks=\toks35
))
\pgf@x=\dimen304
\pgf@y=\dimen305
\pgf@xa=\dimen306
\pgf@ya=\dimen307
\pgf@xb=\dimen308
\pgf@yb=\dimen309
\pgf@xc=\dimen310
\pgf@yc=\dimen311
\pgf@xd=\dimen312
\pgf@yd=\dimen313
\w@pgf@writea=\write3
\r@pgf@reada=\read2
\c@pgf@counta=\count357
\c@pgf@countb=\count358
\c@pgf@countc=\count359
\c@pgf@countd=\count360
\t@pgf@toka=\toks36
\t@pgf@tokb=\toks37
\t@pgf@tokc=\toks38
\pgf@sys@id@count=\count361
 (d:/texlive/2026/texmf-dist/tex/generic/pgf/systemlayer/pgf.cfg
File: pgf.cfg 2025-08-29 v3.1.11a (3.1.11a)
)
Driver file for pgf: pgfsys-xetex.def
 (d:/texlive/2026/texmf-dist/tex/generic/pgf/systemlayer/pgfsys-xetex.def
File: pgfsys-xetex.def 2025-08-29 v3.1.11a (3.1.11a)
 (d:/texlive/2026/texmf-dist/tex/generic/pgf/systemlayer/pgfsys-dvipdfmx.def
File: pgfsys-dvipdfmx.def 2025-08-29 v3.1.11a (3.1.11a)
 (d:/texlive/2026/texmf-dist/tex/generic/pgf/systemlayer/pgfsys-common-pdf.def
File: pgfsys-common-pdf.def 2025-08-29 v3.1.11a (3.1.11a)
)
\pgfsys@objnum=\count362
))) (d:/texlive/2026/texmf-dist/tex/generic/pgf/systemlayer/pgfsyssoftpath.code.tex
File: pgfsyssoftpath.code.tex 2025-08-29 v3.1.11a (3.1.11a)
\pgfsyssoftpath@smallbuffer@items=\count363
\pgfsyssoftpath@bigbuffer@items=\count364
) (d:/texlive/2026/texmf-dist/tex/generic/pgf/systemlayer/pgfsysprotocol.code.tex
File: pgfsysprotocol.code.tex 2025-08-29 v3.1.11a (3.1.11a)
)) (d:/texlive/2026/texmf-dist/tex/generic/pgf/basiclayer/pgfcore.code.tex
Package: pgfcore 2025-08-29 v3.1.11a (3.1.11a)
 (d:/texlive/2026/texmf-dist/tex/generic/pgf/math/pgfmath.code.tex (d:/texlive/2026/texmf-dist/tex/generic/pgf/math/pgfmathutil.code.tex) (d:/texlive/2026/texmf-dist/tex/generic/pgf/math/pgfmathparser.code.tex
\pgfmath@dimen=\dimen314
\pgfmath@count=\count365
\pgfmath@box=\box64
\pgfmath@toks=\toks39
\pgfmath@stack@operand=\toks40
\pgfmath@stack@operation=\toks41
) (d:/texlive/2026/texmf-dist/tex/generic/pgf/math/pgfmathfunctions.code.tex) (d:/texlive/2026/texmf-dist/tex/generic/pgf/math/pgfmathfunctions.basic.code.tex) (d:/texlive/2026/texmf-dist/tex/generic/pgf/math/pgfmathfunctions.trigonometric.code.tex) (d:/texlive/2026/texmf-dist/tex/generic/pgf/math/pgfmathfunctions.random.code.tex) (d:/texlive/2026/texmf-dist/tex/generic/pgf/math/pgfmathfunctions.comparison.code.tex) (d:/texlive/2026/texmf-dist/tex/generic/pgf/math/pgfmathfunctions.base.code.tex) (d:/texlive/2026/texmf-dist/tex/generic/pgf/math/pgfmathfunctions.round.code.tex) (d:/texlive/2026/texmf-dist/tex/generic/pgf/math/pgfmathfunctions.misc.code.tex) (d:/texlive/2026/texmf-dist/tex/generic/pgf/math/pgfmathfunctions.integerarithmetics.code.tex) (d:/texlive/2026/texmf-dist/tex/generic/pgf/math/pgfmathcalc.code.tex) (d:/texlive/2026/texmf-dist/tex/generic/pgf/math/pgfmathfloat.code.tex
\c@pgfmathroundto@lastzeros=\count366
)) (d:/texlive/2026/texmf-dist/tex/generic/pgf/math/pgfint.code.tex) (d:/texlive/2026/texmf-dist/tex/generic/pgf/basiclayer/pgfcorepoints.code.tex
File: pgfcorepoints.code.tex 2025-08-29 v3.1.11a (3.1.11a)
\pgf@picminx=\dimen315
\pgf@picmaxx=\dimen316
\pgf@picminy=\dimen317
\pgf@picmaxy=\dimen318
\pgf@pathminx=\dimen319
\pgf@pathmaxx=\dimen320
\pgf@pathminy=\dimen321
\pgf@pathmaxy=\dimen322
\pgf@xx=\dimen323
\pgf@xy=\dimen324
\pgf@yx=\dimen325
\pgf@yy=\dimen326
\pgf@zx=\dimen327
\pgf@zy=\dimen328
) (d:/texlive/2026/texmf-dist/tex/generic/pgf/basiclayer/pgfcorepathconstruct.code.tex
File: pgfcorepathconstruct.code.tex 2025-08-29 v3.1.11a (3.1.11a)
\pgf@path@lastx=\dimen329
\pgf@path@lasty=\dimen330
) (d:/texlive/2026/texmf-dist/tex/generic/pgf/basiclayer/pgfcorepathusage.code.tex
File: pgfcorepathusage.code.tex 2025-08-29 v3.1.11a (3.1.11a)
\pgf@shorten@end@additional=\dimen331
\pgf@shorten@start@additional=\dimen332
) (d:/texlive/2026/texmf-dist/tex/generic/pgf/basiclayer/pgfcorescopes.code.tex
File: pgfcorescopes.code.tex 2025-08-29 v3.1.11a (3.1.11a)
\pgfpic=\box65
\pgf@hbox=\box66
\pgf@layerbox@main=\box67
\pgf@picture@serial@count=\count367
) (d:/texlive/2026/texmf-dist/tex/generic/pgf/basiclayer/pgfcoregraphicstate.code.tex
File: pgfcoregraphicstate.code.tex 2025-08-29 v3.1.11a (3.1.11a)
\pgflinewidth=\dimen333
) (d:/texlive/2026/texmf-dist/tex/generic/pgf/basiclayer/pgfcoretransformations.code.tex
File: pgfcoretransformations.code.tex 2025-08-29 v3.1.11a (3.1.11a)
\pgf@pt@x=\dimen334
\pgf@pt@y=\dimen335
\pgf@pt@temp=\dimen336
) (d:/texlive/2026/texmf-dist/tex/generic/pgf/basiclayer/pgfcorequick.code.tex
File: pgfcorequick.code.tex 2025-08-29 v3.1.11a (3.1.11a)
) (d:/texlive/2026/texmf-dist/tex/generic/pgf/basiclayer/pgfcoreobjects.code.tex
File: pgfcoreobjects.code.tex 2025-08-29 v3.1.11a (3.1.11a)
) (d:/texlive/2026/texmf-dist/tex/generic/pgf/basiclayer/pgfcorepathprocessing.code.tex
File: pgfcorepathprocessing.code.tex 2025-08-29 v3.1.11a (3.1.11a)
) (d:/texlive/2026/texmf-dist/tex/generic/pgf/basiclayer/pgfcorearrows.code.tex
File: pgfcorearrows.code.tex 2025-08-29 v3.1.11a (3.1.11a)
\pgfarrowsep=\dimen337
) (d:/texlive/2026/texmf-dist/tex/generic/pgf/basiclayer/pgfcoreshade.code.tex
File: pgfcoreshade.code.tex 2025-08-29 v3.1.11a (3.1.11a)
\pgf@max=\dimen338
\pgf@sys@shading@range@num=\count368
\pgf@shadingcount=\count369
) (d:/texlive/2026/texmf-dist/tex/generic/pgf/basiclayer/pgfcoreimage.code.tex
File: pgfcoreimage.code.tex 2025-08-29 v3.1.11a (3.1.11a)
) (d:/texlive/2026/texmf-dist/tex/generic/pgf/basiclayer/pgfcoreexternal.code.tex
File: pgfcoreexternal.code.tex 2025-08-29 v3.1.11a (3.1.11a)
\pgfexternal@startupbox=\box68
) (d:/texlive/2026/texmf-dist/tex/generic/pgf/basiclayer/pgfcorelayers.code.tex
File: pgfcorelayers.code.tex 2025-08-29 v3.1.11a (3.1.11a)
) (d:/texlive/2026/texmf-dist/tex/generic/pgf/basiclayer/pgfcoretransparency.code.tex
File: pgfcoretransparency.code.tex 2025-08-29 v3.1.11a (3.1.11a)
) (d:/texlive/2026/texmf-dist/tex/generic/pgf/basiclayer/pgfcorepatterns.code.tex
File: pgfcorepatterns.code.tex 2025-08-29 v3.1.11a (3.1.11a)
) (d:/texlive/2026/texmf-dist/tex/generic/pgf/basiclayer/pgfcorerdf.code.tex
File: pgfcorerdf.code.tex 2025-08-29 v3.1.11a (3.1.11a)
))) (d:/texlive/2026/texmf-dist/tex/generic/pgf/modules/pgfmoduleshapes.code.tex
File: pgfmoduleshapes.code.tex 2025-08-29 v3.1.11a (3.1.11a)
\pgfnodeparttextbox=\box69
) (d:/texlive/2026/texmf-dist/tex/generic/pgf/modules/pgfmoduleplot.code.tex
File: pgfmoduleplot.code.tex 2025-08-29 v3.1.11a (3.1.11a)
) (d:/texlive/2026/texmf-dist/tex/latex/pgf/compatibility/pgfcomp-version-0-65.sty
Package: pgfcomp-version-0-65 2025-08-29 v3.1.11a (3.1.11a)
\pgf@nodesepstart=\dimen339
\pgf@nodesepend=\dimen340
) (d:/texlive/2026/texmf-dist/tex/latex/pgf/compatibility/pgfcomp-version-1-18.sty
Package: pgfcomp-version-1-18 2025-08-29 v3.1.11a (3.1.11a)
)) (d:/texlive/2026/texmf-dist/tex/latex/pgf/utilities/pgffor.sty (d:/texlive/2026/texmf-dist/tex/latex/pgf/utilities/pgfkeys.sty (d:/texlive/2026/texmf-dist/tex/generic/pgf/utilities/pgfkeys.code.tex)) (d:/texlive/2026/texmf-dist/tex/latex/pgf/math/pgfmath.sty (d:/texlive/2026/texmf-dist/tex/generic/pgf/math/pgfmath.code.tex)) (d:/texlive/2026/texmf-dist/tex/generic/pgf/utilities/pgffor.code.tex
Package: pgffor 2025-08-29 v3.1.11a (3.1.11a)
\pgffor@iter=\dimen341
\pgffor@skip=\dimen342
\pgffor@stack=\toks42
\pgffor@toks=\toks43
)) (d:/texlive/2026/texmf-dist/tex/generic/pgf/frontendlayer/tikz/tikz.code.tex
Package: tikz 2025-08-29 v3.1.11a (3.1.11a)
 (d:/texlive/2026/texmf-dist/tex/generic/pgf/libraries/pgflibraryplothandlers.code.tex
File: pgflibraryplothandlers.code.tex 2025-08-29 v3.1.11a (3.1.11a)
\pgf@plot@mark@count=\count370
\pgfplotmarksize=\dimen343
)
\tikz@lastx=\dimen344
\tikz@lasty=\dimen345
\tikz@lastxsaved=\dimen346
\tikz@lastysaved=\dimen347
\tikz@lastmovetox=\dimen348
\tikz@lastmovetoy=\dimen349
\tikzleveldistance=\dimen350
\tikzsiblingdistance=\dimen351
\tikz@figbox=\box70
\tikz@figbox@bg=\box71
\tikz@tempbox=\box72
\tikz@tempbox@bg=\box73
\tikztreelevel=\count371
\tikznumberofchildren=\count372
\tikznumberofcurrentchild=\count373
\tikz@fig@count=\count374
 (d:/texlive/2026/texmf-dist/tex/generic/pgf/modules/pgfmodulematrix.code.tex
File: pgfmodulematrix.code.tex 2025-08-29 v3.1.11a (3.1.11a)
\pgfmatrixcurrentrow=\count375
\pgfmatrixcurrentcolumn=\count376
\pgf@matrix@numberofcolumns=\count377
)
\tikz@expandcount=\count378
 (d:/texlive/2026/texmf-dist/tex/generic/pgf/frontendlayer/tikz/libraries/tikzlibrarytopaths.code.tex
File: tikzlibrarytopaths.code.tex 2025-08-29 v3.1.11a (3.1.11a)
))) (d:/texlive/2026/texmf-dist/tex/generic/pgf/frontendlayer/tikz/libraries/tikzlibraryshapes.geometric.code.tex
File: tikzlibraryshapes.geometric.code.tex 2025-08-29 v3.1.11a (3.1.11a)
 (d:/texlive/2026/texmf-dist/tex/generic/pgf/libraries/shapes/pgflibraryshapes.geometric.code.tex
File: pgflibraryshapes.geometric.code.tex 2025-08-29 v3.1.11a (3.1.11a)
)) (d:/texlive/2026/texmf-dist/tex/generic/pgf/libraries/pgflibraryarrows.meta.code.tex
File: pgflibraryarrows.meta.code.tex 2025-08-29 v3.1.11a (3.1.11a)
\pgfarrowinset=\dimen352
\pgfarrowlength=\dimen353
\pgfarrowwidth=\dimen354
\pgfarrowlinewidth=\dimen355
) (d:/texlive/2026/texmf-dist/tex/generic/pgf/frontendlayer/tikz/libraries/tikzlibrarycalc.code.tex
File: tikzlibrarycalc.code.tex 2025-08-29 v3.1.11a (3.1.11a)
) (d:/texlive/2026/texmf-dist/tex/latex/gbt7714/gbt7714.sty
Package: gbt7714 2026/01/15 v2.1.9 GB/T 7714 BibTeX Style


Package gbt7714 Warning: The option "numbers" is obsolete on input line 69.

(d:/texlive/2026/texmf-dist/tex/latex/natbib/natbib.sty
Package: natbib 2010/09/13 8.31b (PWD, AO)
\bibhang=\skip81
\bibsep=\skip82
LaTeX Info: Redefining \cite on input line 694.
\c@NAT@ctr=\count379
)) (d:/texlive/2026/texmf-dist/tex/latex/subfig/subfig.sty
Package: subfig 2005/06/28 ver: 1.3 subfig package
\c@KVtest=\count380
\sf@farskip=\skip83
\sf@captopadj=\dimen356
\sf@capskip=\skip84
\sf@nearskip=\skip85
\c@subfigure=\count381
\c@subfigure@save=\count382
\c@lofdepth=\count383
\c@subtable=\count384
\c@subtable@save=\count385
\c@lotdepth=\count386
\sf@top=\skip86
\sf@bottom=\skip87
) (d:/texlive/2026/texmf-dist/tex/latex/multirow/multirow.sty
Package: multirow 2024/11/12 v2.9 Span multiple rows of a table
\multirow@colwidth=\skip88
\multirow@cntb=\count387
\multirow@dima=\skip89
\bigstrutjot=\dimen357
) (d:/texlive/2026/texmf-dist/tex/latex/footmisc/footmisc.sty
Package: footmisc 2025/05/09 v7.0b a miscellany of footnote facilities
\FN@temptoken=\toks44
\footnotemargin=\dimen358
Package footmisc Info: Declaring symbol style bringhurst on input line 549.
Package footmisc Info: Declaring symbol style chicago on input line 557.
Package footmisc Info: Declaring symbol style wiley on input line 566.
Package footmisc Info: Declaring symbol style lamport-robust on input line 577.
Package footmisc Info: Declaring symbol style lamport* on input line 597.
Package footmisc Info: Declaring symbol style lamport*-robust on input line 618.
) (d:/texlive/2026/texmf-dist/tex/latex/tools/tabularx.sty
Package: tabularx 2023/12/11 v2.12a `tabularx' package (DPC)
 (d:/texlive/2026/texmf-dist/tex/latex/tools/array.sty
Package: array 2025/09/25 v2.6n Tabular extension package (FMi)
\col@sep=\dimen359
\ar@mcellbox=\box74
\extrarowheight=\dimen360
\NC@list=\toks45
\extratabsurround=\skip90
\backup@length=\skip91
\ar@cellbox=\box75
)
\TX@col@width=\dimen361
\TX@old@table=\dimen362
\TX@old@col=\dimen363
\TX@target=\dimen364
\TX@delta=\dimen365
\TX@cols=\count388
\TX@ftn=\toks46
) (d:/texlive/2026/texmf-dist/tex/latex/siunitx/siunitx.sty
Package: siunitx 2025-07-09 v3.4.14 A comprehensive (SI) units package
\l__siunitx_number_uncert_offset_int=\count389
\l__siunitx_number_exponent_fixed_int=\count390
\l__siunitx_number_min_decimal_int=\count391
\l__siunitx_number_min_integer_int=\count392
\l__siunitx_number_round_precision_int=\count393
\l__siunitx_number_lower_threshold_int=\count394
\l__siunitx_number_upper_threshold_int=\count395
\l__siunitx_number_group_first_int=\count396
\l__siunitx_number_group_size_int=\count397
\l__siunitx_number_group_minimum_int=\count398
\l__siunitx_angle_tmp_dim=\dimen366
\l__siunitx_angle_marker_box=\box76
\l__siunitx_angle_unit_box=\box77
\l__siunitx_compound_count_int=\count399
 (d:/texlive/2026/texmf-dist/tex/latex/translations/translations.sty
Package: translations 2022/02/05 v1.12 internationalization of LaTeX2e packages (CN)
)
\l__siunitx_table_tmp_box=\box78
\l__siunitx_table_tmp_dim=\dimen367
\l__siunitx_table_column_width_dim=\dimen368
\l__siunitx_table_integer_box=\box79
\l__siunitx_table_decimal_box=\box80
\l__siunitx_table_uncert_box=\box81
\l__siunitx_table_before_box=\box82
\l__siunitx_table_after_box=\box83
\l__siunitx_table_before_dim=\dimen369
\l__siunitx_table_carry_dim=\dimen370
\l__siunitx_unit_tmp_int=\count400
\l__siunitx_unit_position_int=\count401
\l__siunitx_unit_total_int=\count402
) (d:/texlive/2026/texmf-dist/tex/latex/newtx/TeXGyreTermesX.fontspec)

Package fontspec Info: 
(fontspec)             TeXGyreTermesX-Regular scale = 1.


Package fontspec Info: 
(fontspec)             TeXGyreTermesX-Regular scale = 1.


Package fontspec Info: 
(fontspec)             TeXGyreTermesX-Regular scale = 1.


Package fontspec Info: 
(fontspec)             TeXGyreTermesX-Bold scale = 1.


Package fontspec Info: 
(fontspec)             TeXGyreTermesX-Bold scale = 1.


Package fontspec Info: 
(fontspec)             TeXGyreTermesX-Italic scale = 1.


Package fontspec Info: 
(fontspec)             TeXGyreTermesX-Italic scale = 1.


Package fontspec Info: 
(fontspec)             TeXGyreTermesX-Slanted scale = 1.


Package fontspec Info: 
(fontspec)             TeXGyreTermesX-Slanted scale = 1.


Package fontspec Info: 
(fontspec)             TeXGyreTermesX-BoldItalic scale = 1.


Package fontspec Info: 
(fontspec)             TeXGyreTermesX-BoldItalic scale = 1.


Package fontspec Info: 
(fontspec)             TeXGyreTermesX-BoldSlanted scale = 1.


Package fontspec Info: 
(fontspec)             TeXGyreTermesX-BoldSlanted scale = 1.


Package fontspec Info: 
(fontspec)             Font family 'TeXGyreTermesX(0)' created for font
(fontspec)             'TeXGyreTermesX' with options [Ligatures = TeX,Scale =
(fontspec)             1,Extension = .otf,SmallCapsFeatures={RawFeature =
(fontspec)             +pcap},RawFeature=-ss05,Ligatures=TeX,Extension =
(fontspec)             .otf,UprightFont = TeXGyreTermesX-Regular,BoldFont =
(fontspec)             TeXGyreTermesX-Bold,ItalicFont =
(fontspec)             TeXGyreTermesX-Italic,BoldItalicFont =
(fontspec)             TeXGyreTermesX-BoldItalic,SlantedFont =
(fontspec)             *-Slanted,BoldSlantedFont= *-BoldSlanted,Numbers =
(fontspec)             {Monospaced,Lining}].
(fontspec)              
(fontspec)              This font family consists of the following NFSS
(fontspec)             series/shapes:
(fontspec)              
(fontspec)             - 'normal' (m/n) with NFSS spec.:
(fontspec)             <->s*[1]"[TeXGyreTermesX-Regular.otf]/OT:script=latn;language=dflt;-ss05;+tnum;+lnum;mapping=tex-text;"
(fontspec)             - 'small caps'  (m/sc) with NFSS spec.:
(fontspec)             <->s*[1]"[TeXGyreTermesX-Regular.otf]/OT:script=latn;language=dflt;-ss05;+tnum;+lnum;+smcp;+pcap;mapping=tex-text;"
(fontspec)             - 'bold' (b/n) with NFSS spec.:
(fontspec)             <->s*[1]"[TeXGyreTermesX-Bold.otf]/OT:script=latn;language=dflt;-ss05;+tnum;+lnum;mapping=tex-text;"
(fontspec)             - 'bold small caps'  (b/sc) with NFSS spec.:
(fontspec)             <->s*[1]"[TeXGyreTermesX-Bold.otf]/OT:script=latn;language=dflt;-ss05;+tnum;+lnum;+smcp;+pcap;mapping=tex-text;"
(fontspec)             - 'italic' (m/it) with NFSS spec.:
(fontspec)             <->s*[1]"[TeXGyreTermesX-Italic.otf]/OT:script=latn;language=dflt;-ss05;+tnum;+lnum;mapping=tex-text;"
(fontspec)             - 'italic small caps'  (m/scit) with NFSS spec.:
(fontspec)             <->s*[1]"[TeXGyreTermesX-Italic.otf]/OT:script=latn;language=dflt;-ss05;+tnum;+lnum;+smcp;+pcap;mapping=tex-text;"
(fontspec)             - 'slanted' (m/sl) with NFSS spec.:
(fontspec)             <->s*[1]"[TeXGyreTermesX-Slanted.otf]/OT:script=latn;language=dflt;-ss05;+tnum;+lnum;mapping=tex-text;"
(fontspec)             - 'slanted small caps'  (m/scsl) with NFSS spec.:
(fontspec)             <->s*[1]"[TeXGyreTermesX-Slanted.otf]/OT:script=latn;language=dflt;-ss05;+tnum;+lnum;+smcp;+pcap;mapping=tex-text;"
(fontspec)             - 'bold italic' (b/it) with NFSS spec.:
(fontspec)             <->s*[1]"[TeXGyreTermesX-BoldItalic.otf]/OT:script=latn;language=dflt;-ss05;+tnum;+lnum;mapping=tex-text;"
(fontspec)             - 'bold italic small caps'  (b/scit) with NFSS spec.:
(fontspec)             <->s*[1]"[TeXGyreTermesX-BoldItalic.otf]/OT:script=latn;language=dflt;-ss05;+tnum;+lnum;+smcp;+pcap;mapping=tex-text;"
(fontspec)             - 'bold slanted' (b/sl) with NFSS spec.:
(fontspec)             <->s*[1]"[TeXGyreTermesX-BoldSlanted.otf]/OT:script=latn;language=dflt;-ss05;+tnum;+lnum;mapping=tex-text;"
(fontspec)             - 'bold slanted small caps'  (b/scsl) with NFSS spec.:
(fontspec)             <->s*[1]"[TeXGyreTermesX-BoldSlanted.otf]/OT:script=latn;language=dflt;-ss05;+tnum;+lnum;+smcp;+pcap;mapping=tex-text;"

LaTeX Font Info:    Font shape `TU/TeXGyreTermesX(0)/m/n' will be
(Font)              scaled to size 12.045pt on input line 177.
Package translations Info: No language package found. I am going to use `english' as default language. on input line 177.
 (./main.aux

LaTeX Warning: Label `tab:pulsar_design_req' multiply defined.


LaTeX Warning: Label `tab:product_requirements' multiply defined.


LaTeX Warning: Label `fig:FEA_inner_pipe_3_in_1' multiply defined.


LaTeX Warning: Label `fig:scale_1' multiply defined.


LaTeX Warning: Label `sub@fig:scale_1' multiply defined.


LaTeX Warning: Label `fig:scale_4' multiply defined.


LaTeX Warning: Label `sub@fig:scale_4' multiply defined.


LaTeX Warning: Label `fig:scale_3' multiply defined.


LaTeX Warning: Label `sub@fig:scale_3' multiply defined.


LaTeX Warning: Label `fig:scale_5' multiply defined.


LaTeX Warning: Label `sub@fig:scale_5' multiply defined.


LaTeX Warning: Label `fig:scale_profile' multiply defined.


LaTeX Warning: Label `fig:field_result_in_upper_sub_radial_magnetization' multiply defined.

)
\openout1 = `main.aux'.

LaTeX Font Info:    Checking defaults for OML/cmm/m/it on input line 177.
LaTeX Font Info:    ... okay on input line 177.
LaTeX Font Info:    Checking defaults for OMS/cmsy/m/n on input line 177.
LaTeX Font Info:    ... okay on input line 177.
LaTeX Font Info:    Checking defaults for OT1/cmr/m/n on input line 177.
LaTeX Font Info:    ... okay on input line 177.
LaTeX Font Info:    Checking defaults for T1/cmr/m/n on input line 177.
LaTeX Font Info:    ... okay on input line 177.
LaTeX Font Info:    Checking defaults for TS1/cmr/m/n on input line 177.
LaTeX Font Info:    ... okay on input line 177.
LaTeX Font Info:    Checking defaults for TU/lmr/m/n on input line 177.
LaTeX Font Info:    ... okay on input line 177.
LaTeX Font Info:    Checking defaults for OMX/cmex/m/n on input line 177.
LaTeX Font Info:    ... okay on input line 177.
LaTeX Font Info:    Checking defaults for U/cmr/m/n on input line 177.
LaTeX Font Info:    ... okay on input line 177.
LaTeX Font Info:    Checking defaults for PD1/pdf/m/n on input line 177.
LaTeX Font Info:    ... okay on input line 177.
LaTeX Font Info:    Checking defaults for PU/pdf/m/n on input line 177.
LaTeX Font Info:    ... okay on input line 177.

Package fontspec Info: 
(fontspec)             Adjusting the maths setup (use [no-math] to avoid
(fontspec)             this).

\symlegacymaths=\mathgroup9
LaTeX Font Info:    Overwriting symbol font `legacymaths' in version `bold'
(Font)                  OT1/cmr/m/n --> OT1/cmr/bx/n on input line 177.
LaTeX Font Info:    Redeclaring math accent \acute on input line 177.
LaTeX Font Info:    Redeclaring math accent \grave on input line 177.
LaTeX Font Info:    Redeclaring math accent \ddot on input line 177.
LaTeX Font Info:    Redeclaring math accent \tilde on input line 177.
LaTeX Font Info:    Redeclaring math accent \bar on input line 177.
LaTeX Font Info:    Redeclaring math accent \breve on input line 177.
LaTeX Font Info:    Redeclaring math accent \check on input line 177.
LaTeX Font Info:    Redeclaring math accent \hat on input line 177.
LaTeX Font Info:    Redeclaring math accent \dot on input line 177.
LaTeX Font Info:    Redeclaring math accent \mathring on input line 177.
LaTeX Font Info:    Redeclaring math symbol \Gamma on input line 177.
LaTeX Font Info:    Redeclaring math symbol \Delta on input line 177.
LaTeX Font Info:    Redeclaring math symbol \Theta on input line 177.
LaTeX Font Info:    Redeclaring math symbol \Lambda on input line 177.
LaTeX Font Info:    Redeclaring math symbol \Xi on input line 177.
LaTeX Font Info:    Redeclaring math symbol \Pi on input line 177.
LaTeX Font Info:    Redeclaring math symbol \Sigma on input line 177.
LaTeX Font Info:    Redeclaring math symbol \Upsilon on input line 177.
LaTeX Font Info:    Redeclaring math symbol \Phi on input line 177.
LaTeX Font Info:    Redeclaring math symbol \Psi on input line 177.
LaTeX Font Info:    Redeclaring math symbol \Omega on input line 177.
LaTeX Font Info:    Redeclaring math symbol \mathdollar on input line 177.
LaTeX Font Info:    Redeclaring symbol font `operators' on input line 177.
LaTeX Font Info:    Encoding `OT1' has changed to `TU' for symbol font
(Font)              `operators' in the math version `normal' on input line 177.
LaTeX Font Info:    Overwriting symbol font `operators' in version `normal'
(Font)                  OT1/cmr/m/n --> TU/TeXGyreTermesX(0)/m/n on input line 177.
LaTeX Font Info:    Encoding `OT1' has changed to `TU' for symbol font
(Font)              `operators' in the math version `bold' on input line 177.
LaTeX Font Info:    Overwriting symbol font `operators' in version `bold'
(Font)                  OT1/cmr/bx/n --> TU/TeXGyreTermesX(0)/m/n on input line 177.
LaTeX Font Info:    Overwriting symbol font `operators' in version `normal'
(Font)                  TU/TeXGyreTermesX(0)/m/n --> TU/TeXGyreTermesX(0)/m/n on input line 177.
LaTeX Font Info:    Overwriting math alphabet `\mathit' in version `normal'
(Font)                  OT1/cmr/m/it --> TU/TeXGyreTermesX(0)/m/it on input line 177.
LaTeX Font Info:    Overwriting math alphabet `\mathbf' in version `normal'
(Font)                  OT1/cmr/bx/n --> TU/TeXGyreTermesX(0)/b/n on input line 177.
LaTeX Font Info:    Overwriting math alphabet `\mathsf' in version `normal'
(Font)                  OT1/cmss/m/n --> TU/lmss/m/n on input line 177.
LaTeX Font Info:    Overwriting math alphabet `\mathtt' in version `normal'
(Font)                  OT1/cmtt/m/n --> TU/lmtt/m/n on input line 177.
LaTeX Font Info:    Overwriting symbol font `operators' in version `bold'
(Font)                  TU/TeXGyreTermesX(0)/m/n --> TU/TeXGyreTermesX(0)/b/n on input line 177.
LaTeX Font Info:    Overwriting math alphabet `\mathit' in version `bold'
(Font)                  OT1/cmr/bx/it --> TU/TeXGyreTermesX(0)/b/it on input line 177.
LaTeX Font Info:    Overwriting math alphabet `\mathsf' in version `bold'
(Font)                  OT1/cmss/bx/n --> TU/lmss/b/n on input line 177.
LaTeX Font Info:    Overwriting math alphabet `\mathtt' in version `bold'
(Font)                  OT1/cmtt/m/n --> TU/lmtt/b/n on input line 177.

*geometry* driver: auto-detecting
*geometry* detected driver: xetex
*geometry* verbose mode - [ preamble ] result:
* driver: xetex
* paper: a4paper
* layout: <same size as paper>
* layoutoffset:(h,v)=(0.0pt,0.0pt)
* modes: 
* h-part:(L,W,R)=(72.2698pt, 452.96826pt, 72.2698pt)
* v-part:(T,H,B)=(72.2698pt, 700.50723pt, 72.2698pt)
* \paperwidth=597.50787pt
* \paperheight=845.04684pt
* \textwidth=452.96826pt
* \textheight=700.50723pt
* \oddsidemargin=-0.00018pt
* \evensidemargin=-0.00018pt
* \topmargin=-40.00018pt
* \headheight=15.0pt
* \headsep=25.0pt
* \topskip=12.0pt
* \footskip=30.0pt
* \marginparwidth=35.0pt
* \marginparsep=10.0pt
* \columnsep=10.0pt
* \skip\footins=10.8pt plus 4.0pt minus 2.0pt
* \hoffset=0.0pt
* \voffset=0.0pt
* \mag=1000
* \@twocolumnfalse
* \@twosidefalse
* \@mparswitchfalse
* \@reversemarginfalse
* (1in=72.27pt=25.4mm, 1cm=28.453pt)

Package hyperref Info: Link coloring ON on input line 177.
(./main.out) (./main.out)
\@outlinefile=\write4
\openout4 = `main.out'.

Package caption Info: Begin \AtBeginDocument code.
Package caption Info: subfig package v1.3 is loaded.
Package caption Info: End \AtBeginDocument code.
 (d:/texlive/2026/texmf-dist/tex/latex/translations/translations-basic-dictionary-english.trsl
File: translations-basic-dictionary-english.trsl (english translation file `translations-basic-dictionary')
)
Package translations Info: loading dictionary `translations-basic-dictionary' for `english'. on input line 177.
LaTeX Font Info:    Font shape `TU/TeXGyreTermesX(0)/m/n' will be
(Font)              scaled to size 26.09749pt on input line 183.
LaTeX Font Info:    Font shape `TU/TeXGyreTermesX(0)/b/n' will be
(Font)              scaled to size 26.09749pt on input line 183.
LaTeX Font Info:    Font shape `TU/TeXGyreTermesX(0)/m/n' will be
(Font)              scaled to size 18.06749pt on input line 185.
 [1

]
LaTeX Font Info:    Font shape `TU/TeXGyreTermesX(0)/m/n' will be
(Font)              scaled to size 15.05624pt on input line 197.
 (./main.toc
LaTeX Font Info:    Font shape `TU/TeXGyreTermesX(0)/b/n' will be
(Font)              scaled to size 12.045pt on input line 1.
LaTeX Font Info:    Font shape `TU/TeXGyreTermesX(0)/m/n' will be
(Font)              scaled to size 8.0pt on input line 4.
LaTeX Font Info:    Font shape `TU/TeXGyreTermesX(0)/m/n' will be
(Font)              scaled to size 6.0pt on input line 4.
LaTeX Font Info:    Trying to load font information for U+msa on input line 4.
 (d:/texlive/2026/texmf-dist/tex/latex/amsfonts/umsa.fd
File: umsa.fd 2013/01/14 v3.01 AMS symbols A
)
LaTeX Font Info:    Trying to load font information for U+msb on input line 4.
 (d:/texlive/2026/texmf-dist/tex/latex/amsfonts/umsb.fd
File: umsb.fd 2013/01/14 v3.01 AMS symbols B
) [1


] [2] [3])
\tf@toc=\write5
\openout5 = `main.toc'.

 [4]
第一章
[1


]
第二章
[2

]
第三章
LaTeX Font Info:    Font shape `TU/TeXGyreTermesX(0)/m/n' will be
(Font)              scaled to size 9.03374pt on input line 217.
LaTeX Font Info:    Font shape `TU/TeXGyreTermesX(0)/m/n' will be
(Font)              scaled to size 5.0pt on input line 217.
(./chapters/chapter3/part1-3in1-design.tex
File: figure/chapter3/tool-structure-3-in-1.jpg Graphic file (type bmp)
<figure/chapter3/tool-structure-3-in-1.jpg>
 [3

]
File: figure/chapter3/nozzle-sub.jpg Graphic file (type bmp)
<figure/chapter3/nozzle-sub.jpg>
File: figure/chapter3/pulse-module.jpg Graphic file (type bmp)
<figure/chapter3/pulse-module.jpg>
 [4]
File: figure/chapter3/energy-storage-in-pulse-module.jpg Graphic file (type bmp)
<figure/chapter3/energy-storage-in-pulse-module.jpg>
File: figure/chapter3/restore-in-pulse-module.jpg Graphic file (type bmp)
<figure/chapter3/restore-in-pulse-module.jpg>
File: figure/chapter3/swiper-in-3-in-1.png Graphic file (type bmp)
<figure/chapter3/swiper-in-3-in-1.png>

Underfull \hbox (badness 10000) in paragraph at lines 81--81
[]|\TU/SimSun(0)/m/n/12.045 适 用 套
 []

LaTeX Font Info:    Font shape `TU/TeXGyreTermesX(0)/m/n' will be
(Font)              scaled to size 10.53937pt on input line 89.

Underfull \hbox (badness 10000) in alignment at lines 105--105
[][][][][][][][][] 
 []

[5] [6] [7]
File: figure/chapter3/inner-pipe-3-in-1.png Graphic file (type bmp)
<figure/chapter3/inner-pipe-3-in-1.png>
File: figure/chapter3/inner-pipe-3-in-1-tensile-stress.png Graphic file (type bmp)
<figure/chapter3/inner-pipe-3-in-1-tensile-stress.png>
File: figure/chapter3/inner-pipe-3-in-1-torsional-stress.png Graphic file (type bmp)
<figure/chapter3/inner-pipe-3-in-1-torsional-stress.png>
) (./chapters/chapter3/part1-3in1-verification.tex [8] [9]
File: figure/chapter3/inner-pipe-3-in-1.png Graphic file (type bmp)
<figure/chapter3/inner-pipe-3-in-1.png>
File: figure/chapter3/inner-pipe-3-in-1-tensile-stress.png Graphic file (type bmp)
<figure/chapter3/inner-pipe-3-in-1-tensile-stress.png>
File: figure/chapter3/inner-pipe-3-in-1-torsional-stress.png Graphic file (type bmp)
<figure/chapter3/inner-pipe-3-in-1-torsional-stress.png>
) (./chapters/chapter3/part1-3in1-hydraulic-model.tex [10]
File: figure/chapter3/working-cycle-pulse-module.jpg Graphic file (type bmp)
<figure/chapter3/working-cycle-pulse-module.jpg>
File: figure/chapter3/force-analysis-reciprocating-piston.jpg Graphic file (type bmp)
<figure/chapter3/force-analysis-reciprocating-piston.jpg>
 [11]
File: figure/chapter3/FSI-logic.jpg Graphic file (type bmp)
<figure/chapter3/FSI-logic.jpg>
 [12] [13] [14] [15]
File: figure/chapter3/piston-displacement-VS-time.png Graphic file (type bmp)
<figure/chapter3/piston-displacement-VS-time.png>
 [16]
File: figure/chapter3/piston-velocity-VS-time.png Graphic file (type bmp)
<figure/chapter3/piston-velocity-VS-time.png>
File: figure/chapter3/piston-displacement-VS-Q.png Graphic file (type bmp)
<figure/chapter3/piston-displacement-VS-Q.png>
File: figure/chapter3/piston-velocity-VS-Q.png Graphic file (type bmp)
<figure/chapter3/piston-velocity-VS-Q.png>
 [17]
File: figure/chapter3/pulse-module-frequency-stroke-VS-Q.png Graphic file (type bmp)
<figure/chapter3/pulse-module-frequency-stroke-VS-Q.png>
 [18]
File: figure/chapter3/piston-displacement-VS-spring-K.png Graphic file (type bmp)
<figure/chapter3/piston-displacement-VS-spring-K.png>
File: figure/chapter3/piston-velocity-VS-spring-K.png Graphic file (type bmp)
<figure/chapter3/piston-velocity-VS-spring-K.png>
 [19]
File: figure/chapter3/pulse-module-frequency-stroke-VS-spring-K.png Graphic file (type bmp)
<figure/chapter3/pulse-module-frequency-stroke-VS-spring-K.png>
 [20]
File: figure/chapter3/piston-displacement-VS-h.png Graphic file (type bmp)
<figure/chapter3/piston-displacement-VS-h.png>
File: figure/chapter3/piston-velocity-VS-h.png Graphic file (type bmp)
<figure/chapter3/piston-velocity-VS-h.png>
 [21]
File: figure/chapter3/piston-frequency-stroke-VS-h.png Graphic file (type bmp)
<figure/chapter3/piston-frequency-stroke-VS-h.png>
File: figure/chapter3/pulser-mesh.jpg Graphic file (type bmp)
<figure/chapter3/pulser-mesh.jpg>
 [22]
File: figure/chapter3/sand-mass-in-annular-VS-time-pulser-rigid.png Graphic file (type bmp)
<figure/chapter3/sand-mass-in-annular-VS-time-pulser-rigid.png>
File: figure/chapter3/axial-velocity-near-nozzle-section.jpg Graphic file (type bmp)
<figure/chapter3/axial-velocity-near-nozzle-section.jpg>
File: figure/chapter3/sand-volume-at-nozzle-section.jpg Graphic file (type bmp)
<figure/chapter3/sand-volume-at-nozzle-section.jpg>
 [23] [24]
File: figure/chapter3/sand-volume-at-verticle-section.jpg Graphic file (type bmp)
<figure/chapter3/sand-volume-at-verticle-section.jpg>
File: figure/chapter3/nozzle-sub-fluid-domain.png Graphic file (type bmp)
<figure/chapter3/nozzle-sub-fluid-domain.png>
File: figure/chapter3/nozzle-sub-fluid-domain-mesh.png Graphic file (type bmp)
<figure/chapter3/nozzle-sub-fluid-domain-mesh.png>
 [25]
File: figure/chapter3/case-wall-pressure-t-dot5s.png Graphic file (type bmp)
<figure/chapter3/case-wall-pressure-t-dot5s.png>
File: figure/chapter3/case-wall-shear-t-dot5s.png Graphic file (type bmp)
<figure/chapter3/case-wall-shear-t-dot5s.png>
File: figure/chapter3/nozzle-streamline-dot5s.png Graphic file (type bmp)
<figure/chapter3/nozzle-streamline-dot5s.png>
 [26]
File: figure/chapter3/monitoring-point-configuration.png Graphic file (type bmp)
<figure/chapter3/monitoring-point-configuration.png>
File: figure/chapter3/monitoring-points-pressure-T-dot5s.png Graphic file (type bmp)
<figure/chapter3/monitoring-points-pressure-T-dot5s.png>
File: figure/chapter3/monitoring-points-pressure-T-1s.png Graphic file (type bmp)
<figure/chapter3/monitoring-points-pressure-T-1s.png>
File: figure/chapter3/monitoring-points-pressure-T-2s.png Graphic file (type bmp)
<figure/chapter3/monitoring-points-pressure-T-2s.png>
 [27] [28]) (./chapters/chapter3/part1-3in1-setup-and-maintainance.tex
Underfull \hbox (badness 10000) in paragraph at lines 42--43

 []

File: figure/chapter3/part1-3in1/nozzle-unsetup-step1.png Graphic file (type bmp)
<figure/chapter3/part1-3in1/nozzle-unsetup-step1.png>
File: figure/chapter3/part1-3in1/nozzle-unsetup-step2.png Graphic file (type bmp)
<figure/chapter3/part1-3in1/nozzle-unsetup-step2.png>
File: figure/chapter3/part1-3in1/nozzle-unsetup-step3.png Graphic file (type bmp)
<figure/chapter3/part1-3in1/nozzle-unsetup-step3.png>
[29]
File: figure/chapter3/part1-3in1/nozzle-unsetup-step4.png Graphic file (type bmp)
<figure/chapter3/part1-3in1/nozzle-unsetup-step4.png>
File: figure/chapter3/part1-3in1/nozzle-unsetup-step5.png Graphic file (type bmp)
<figure/chapter3/part1-3in1/nozzle-unsetup-step5.png>
File: figure/chapter3/part1-3in1/nozzle-unsetup-step6.png Graphic file (type bmp)
<figure/chapter3/part1-3in1/nozzle-unsetup-step6.png>
 [30]
File: figure/chapter3/part1-3in1/nozzle-unsetup-step7.png Graphic file (type bmp)
<figure/chapter3/part1-3in1/nozzle-unsetup-step7.png>
File: figure/chapter3/part1-3in1/nozzle-unsetup-step8.png Graphic file (type bmp)
<figure/chapter3/part1-3in1/nozzle-unsetup-step8.png>
File: figure/chapter3/part1-3in1/nozzle-unsetup-step9.png Graphic file (type bmp)
<figure/chapter3/part1-3in1/nozzle-unsetup-step9.png>
 [31] [32]
Underfull \hbox (badness 10000) in paragraph at lines 149--150

 []


Underfull \hbox (badness 10000) in paragraph at lines 168--170

 []

[33]
Underfull \hbox (badness 10000) in paragraph at lines 184--186

 []


Underfull \hbox (badness 10000) in paragraph at lines 196--198

 []


Underfull \hbox (badness 10000) in paragraph at lines 202--204

 []


Underfull \hbox (badness 10000) in paragraph at lines 211--213

 []

[34]
Underfull \hbox (badness 10000) in paragraph at lines 235--237

 []


Underfull \hbox (badness 10000) in paragraph at lines 240--242

 []

[35]) (./chapters/chapter3/part2-4in1.tex [36]
File: figure/chapter3/structure-4-in-1.png Graphic file (type bmp)
<figure/chapter3/structure-4-in-1.png>
 [37]
File: figure/chapter3/mechanism-scratcher-4-in-1.png Graphic file (type bmp)
<figure/chapter3/mechanism-scratcher-4-in-1.png>
File: figure/chapter3/mechanism-swiper-4-in-1.png Graphic file (type bmp)
<figure/chapter3/mechanism-swiper-4-in-1.png>
File: figure/chapter3/mechanism-mag-sub-4-in-1.png Graphic file (type bmp)
<figure/chapter3/mechanism-mag-sub-4-in-1.png>
File: figure/chapter3/mechanism-torsional-spring-4-in-1.png Graphic file (type bmp)
<figure/chapter3/mechanism-torsional-spring-4-in-1.png>
File: figure/chapter3/dynamic-system-torsional-spring-mechanism-4-in-1.png Graphic file (type bmp)
<figure/chapter3/dynamic-system-torsional-spring-mechanism-4-in-1.png>
File: figure/chapter3/upper-sub-4-in-1.png Graphic file (type bmp)
<figure/chapter3/upper-sub-4-in-1.png>
File: figure/chapter3/lowwer-sub-4-in-1.png Graphic file (type bmp)
<figure/chapter3/lowwer-sub-4-in-1.png>
 [38] [39] [40]
File: figure/chapter3/inner-pipe-for-strength-analysis.png Graphic file (type bmp)
<figure/chapter3/inner-pipe-for-strength-analysis.png>
 [41] [42]
File: figure/chapter3/flat-shear-key.png Graphic file (type bmp)
<figure/chapter3/flat-shear-key.png>
 [43] [44]
File: figure/simulation/xinzhoulashen.png Graphic file (type bmp)
<figure/simulation/xinzhoulashen.png>
File: figure/simulation/xinzhouniuju.png Graphic file (type bmp)
<figure/simulation/xinzhouniuju.png>
 [45]
File: figure/chapter3/pitch-spring.png Graphic file (type bmp)
<figure/chapter3/pitch-spring.png>
File: figure/chapter3/oscillating-spring.png Graphic file (type bmp)
<figure/chapter3/oscillating-spring.png>
 [46] [47] [48]) (./chapters/chapter3/part2-4in1-scraper-performance.tex [49]
File: figure/chapter3/scraper-test-rig.png Graphic file (type bmp)
<figure/chapter3/scraper-test-rig.png>
File: figure/chapter3/scapter-measurement-mechanism.png Graphic file (type bmp)
<figure/chapter3/scapter-measurement-mechanism.png>
 [50]
File: figure/chapter3/scale-1.jpg Graphic file (type bmp)
<figure/chapter3/scale-1.jpg>
File: figure/chapter3/scale-4.jpg Graphic file (type bmp)
<figure/chapter3/scale-4.jpg>
File: figure/chapter3/scale-3.jpg Graphic file (type bmp)
<figure/chapter3/scale-3.jpg>
File: figure/chapter3/scale-5.jpg Graphic file (type bmp)
<figure/chapter3/scale-5.jpg>
File: figure/chapter3/scraper-1.jpg Graphic file (type bmp)
<figure/chapter3/scraper-1.jpg>
File: figure/chapter3/scraper-4.jpg Graphic file (type bmp)
<figure/chapter3/scraper-4.jpg>
File: figure/chapter3/scraper-3.jpg Graphic file (type bmp)
<figure/chapter3/scraper-3.jpg>
File: figure/chapter3/scraper-5.jpg Graphic file (type bmp)
<figure/chapter3/scraper-5.jpg>
 [51] [52]
File: figure/chapter3/scatch-depth-sping-comprassion.jpg Graphic file (type bmp)
<figure/chapter3/scatch-depth-sping-comprassion.jpg>


LaTeX Warning: Reference `fig:helical_scraper_test_rig' on page 53 undefined on input line 119.

[53]
File: figure/chapter3/xiechiguaban/1.png Graphic file (type bmp)
<figure/chapter3/xiechiguaban/1.png>
File: figure/chapter3/xiechiguaban/2.png Graphic file (type bmp)
<figure/chapter3/xiechiguaban/2.png>
File: figure/chapter3/xiechiguaban/3.png Graphic file (type bmp)
<figure/chapter3/xiechiguaban/3.png>
File: figure/chapter3/xiechiguaban/4.png Graphic file (type bmp)
<figure/chapter3/xiechiguaban/4.png>
 [54] [55]
File: figure/chapter3/xiechiguaban/graph.jpg Graphic file (type bmp)
<figure/chapter3/xiechiguaban/graph.jpg>
 [56] [57]) (./chapters/chapter3/part3-magntictool.tex
Overfull \hbox (3.6131pt too wide) in paragraph at lines 43--43
[]|[]| 
 []


Underfull \hbox (badness 10000) in paragraph at lines 43--43
[]|\TU/TeXGyreTermesX(0)/m/n/10.53937 9.5-
 []

[58]
File: figure/chapter3/structure-dqc-mag-tool.png Graphic file (type bmp)
<figure/chapter3/structure-dqc-mag-tool.png>
 [59] [60]
Overfull \hbox (9.76527pt too wide) in paragraph at lines 148--149
[]$\OML/cmm/m/it/12.045 D$\TU/TeXGyreTermesX(0)/m/n/12.045 —\TU/SimSun(0)/m/n/12.045 危 险 截 面 外 径，|  按 图 纸 \TU/TeXGyreTermesX(0)/m/n/12.045 DQC700003A \TU/SimSun(0)/m/n/12.045 心 轴 标 注 的 外 螺 纹 小 径  |（\TU/TeXGyreTermesX(0)/m/n/12.045 70.485$\OMS/cmsy/m/n/12.045 ^^X$\TU/TeXGyreTermesX(0)/m/n/12.045 70.643mm\TU/SimSun(0)/m/n/12.045 ）|
 []

[61]
Overfull \hbox (1.22234pt too wide) in paragraph at lines 174--175
[]$\OML/cmm/m/it/12.045 d$\TU/TeXGyreTermesX(0)/m/n/12.045 —\TU/SimSun(0)/m/n/12.045 危 险 截 面 内 径，|  取 与 内 螺 纹 配 合 的 外 螺 纹 小 径 $\OML/cmm/m/it/12.045 d \OT1/cmr/m/n/12.045 = 70\OML/cmm/m/it/12.045 :\OT1/cmr/m/n/12.045 30 []$ |\TU/SimSun(0)/m/n/12.045 （图 纸 \TU/TeXGyreTermesX(0)/m/n/12.045 DQC700003A\TU/SimSun(0)/m/n/12.045 ，|
 []


Overfull \hbox (9.76527pt too wide) in paragraph at lines 204--205
[]$\OML/cmm/m/it/12.045 D$\TU/TeXGyreTermesX(0)/m/n/12.045 —\TU/SimSun(0)/m/n/12.045 危 险 截 面 外 径，|  按 图 纸 \TU/TeXGyreTermesX(0)/m/n/12.045 DQC700003A \TU/SimSun(0)/m/n/12.045 心 轴 标 注 的 外 螺 纹 小 径  |（\TU/TeXGyreTermesX(0)/m/n/12.045 70.485$\OMS/cmsy/m/n/12.045 ^^X$\TU/TeXGyreTermesX(0)/m/n/12.045 70.643mm\TU/SimSun(0)/m/n/12.045 ）|
 []

[62]
File: figure/chapter3/lowwer-sub-mag-tool.png Graphic file (type bmp)
<figure/chapter3/lowwer-sub-mag-tool.png>
File: figure/chapter3/torsion-stress-lowwer-sub-mag-tool.png Graphic file (type bmp)
<figure/chapter3/torsion-stress-lowwer-sub-mag-tool.png>
 [63] [64] [65] [66]
File: figure/chapter3/demagnetization-SmCo5.png Graphic file (type bmp)
<figure/chapter3/demagnetization-SmCo5.png>
File: figure/chapter3/demagnatization-N45UH.png Graphic file (type bmp)
<figure/chapter3/demagnatization-N45UH.png>
 [67]
File: figure/chapter3/magnetic-distribution-on-tool.png Graphic file (type bmp)
<figure/chapter3/magnetic-distribution-on-tool.png>
File: figure/chapter3/structure-upper-magnetic-sub.png Graphic file (type bmp)
<figure/chapter3/structure-upper-magnetic-sub.png>
File: figure/chapter3/structure-lowwer-magnetic-sub.png Graphic file (type bmp)
<figure/chapter3/structure-lowwer-magnetic-sub.png>
 [68]
Missing character: There is no ≫ (U+226B) in font [TeXGyreTermesX-Regular.otf]/OT:script=latn;language=dflt;-ss05;+tnum;+lnum;mapping=tex-text;!
[69]
File: figure/chapter3/magnet-configuration-upper-sub.png Graphic file (type bmp)
<figure/chapter3/magnet-configuration-upper-sub.png>
 [70]
File: figure/chapter3/radial-magnetization-in-upper-sub.png Graphic file (type bmp)
<figure/chapter3/radial-magnetization-in-upper-sub.png>
File: figure/chapter3/circumferencial-magnetization-in-upper-sub.png Graphic file (type bmp)
<figure/chapter3/circumferencial-magnetization-in-upper-sub.png>
File: figure/chapter3/boundary-condition-upper-sub.png Graphic file (type bmp)
<figure/chapter3/boundary-condition-upper-sub.png>
File: figure/chapter3/mesh-upper-sub.png Graphic file (type bmp)
<figure/chapter3/mesh-upper-sub.png>
 [71]
File: figure/chapter3/magnetic-vector-distribution-upper-sub.png Graphic file (type bmp)
<figure/chapter3/magnetic-vector-distribution-upper-sub.png>
File: figure/chapter3/contour-magnetic-field-upper-sub.png Graphic file (type bmp)
<figure/chapter3/contour-magnetic-field-upper-sub.png>
File: figure/chapter3/magnetic-vector-distribution-upper-sub-circum-magnatization.png Graphic file (type bmp)
<figure/chapter3/magnetic-vector-distribution-upper-sub-circum-magnatization.png>
File: figure/chapter3/contour-magnetic-field-upper-sub-circum-magnatization.png Graphic file (type bmp)
<figure/chapter3/contour-magnetic-field-upper-sub-circum-magnatization.png>
 [72]
File: figure/chapter3/magnet-configuration-lowwer-sub.png Graphic file (type bmp)
<figure/chapter3/magnet-configuration-lowwer-sub.png>
File: figure/chapter3/lowwer-sub-magnetization-radial.png Graphic file (type bmp)
<figure/chapter3/lowwer-sub-magnetization-radial.png>
File: figure/chapter3/lowwer-sub-cross-magnetization.png Graphic file (type bmp)
<figure/chapter3/lowwer-sub-cross-magnetization.png>
File: figure/chapter3/lowwer-sub-circumferential-magnetization.png Graphic file (type bmp)
<figure/chapter3/lowwer-sub-circumferential-magnetization.png>
File: figure/chapter3/boundary-condition-lowwer-sub.png Graphic file (type bmp)
<figure/chapter3/boundary-condition-lowwer-sub.png>
File: figure/chapter3/mesh-upper-sub.png Graphic file (type bmp)
<figure/chapter3/mesh-upper-sub.png>
File: figure/chapter3/magnetic-vector-distribution-lowwer-sub-radial.png Graphic file (type bmp)
<figure/chapter3/magnetic-vector-distribution-lowwer-sub-radial.png>
File: figure/chapter3/contour-magnetic-field-lowwer-sub-radial.png Graphic file (type bmp)
<figure/chapter3/contour-magnetic-field-lowwer-sub-radial.png>
File: figure/chapter3/magnetic-vector-distribution-lowwer-sub-cross.png Graphic file (type bmp)
<figure/chapter3/magnetic-vector-distribution-lowwer-sub-cross.png>
File: figure/chapter3/contour-magnetic-field-lowwer-sub-cross.png Graphic file (type bmp)
<figure/chapter3/contour-magnetic-field-lowwer-sub-cross.png>
File: figure/chapter3/magnetic-vector-distribution-lowwer-sub-circumferential.png Graphic file (type bmp)
<figure/chapter3/magnetic-vector-distribution-lowwer-sub-circumferential.png>
File: figure/chapter3/contour-magnetic-field-lowwer-sub-circumferential.png Graphic file (type bmp)
<figure/chapter3/contour-magnetic-field-lowwer-sub-circumferential.png>
 [73] [74] [75] [76]
File: figure/chapter3/mag-field-distribution-4145-steel-frame.png Graphic file (type bmp)
<figure/chapter3/mag-field-distribution-4145-steel-frame.png>
File: figure/chapter3/mag-field-distribution-aliminium-frame.png Graphic file (type bmp)
<figure/chapter3/mag-field-distribution-aliminium-frame.png>
 [77] [78] [79]) (./chapters/chapter3/part4-filter.tex [80]
File: figure/chapter3/guolvqi.png Graphic file (type bmp)
<figure/chapter3/guolvqi.png>
 [81] [82]
Overfull \hbox (27.02475pt too wide) in paragraph at lines 118--119
[] \TU/SimSun(0)/m/n/12.045 滤 进 接 头 外 螺 纹 根 部：|  按 图 纸 \TU/TeXGyreTermesX(0)/m/n/12.045 GLGJ70002A \TU/SimSun(0)/m/n/12.045 标 注 的 外 螺 纹 小 径  |（\TU/TeXGyreTermesX(0)/m/n/12.045 Ø89.100$\OMS/cmsy/m/n/12.045 ^^X$\TU/TeXGyreTermesX(0)/m/n/12.045 Ø89.660mm\TU/SimSun(0)/m/n/12.045 ）|
 []

[83] [84] [85]
Overfull \hbox (8.4669pt too wide) in paragraph at lines 284--285
[]|\TU/SimSun(0)/m/n/12.045 （\TU/TeXGyreTermesX(0)/m/n/12.045 1\TU/SimSun(0)/m/n/12.045 ）|  滤 进 接 头 受 拉。|  施 加 的 拉 力 小 于 该 接 头 按 理 论 校 核 所 得 的 最 小 许 用 拉 力 \TU/TeXGyreTermesX(0)/m/n/12.045 2184.4kN
 []

[86]
Overfull \hbox (14.4894pt too wide) in paragraph at lines 288--289
[]|\TU/SimSun(0)/m/n/12.045 （\TU/TeXGyreTermesX(0)/m/n/12.045 3\TU/SimSun(0)/m/n/12.045 ）|  滤 出 接 头 受 拉。|  施 加 的 拉 力 小 于 该 接 头 按 理 论 校 核 所 得 的 最 小 许 用 拉 力 \TU/TeXGyreTermesX(0)/m/n/12.045 1974.94kN
 []

[87]
File: figure/chapter3/filter-outlet-sub.png Graphic file (type bmp)
<figure/chapter3/filter-outlet-sub.png>
File: figure/chapter3/filter-inlet-sub.png Graphic file (type bmp)
<figure/chapter3/filter-inlet-sub.png>
File: figure/simulation/lvchulashen.png Graphic file (type bmp)
<figure/simulation/lvchulashen.png>
File: figure/simulation/lvchuniuju.png Graphic file (type bmp)
<figure/simulation/lvchuniuju.png>
File: figure/simulation/lvjinlashen.png Graphic file (type bmp)
<figure/simulation/lvjinlashen.png>
File: figure/simulation/lvjinniuju.png Graphic file (type bmp)
<figure/simulation/lvjinniuju.png>
 [88] [89]) (./chapters/chapter3/part5-variable-tool.tex
Overfull \hbox (10.55185pt too wide) in paragraph at lines 4--5
\TU/TeXGyreTermesX(0)/m/n/12.045 136mm\TU/SimSun(0)/m/n/12.045 、|  工 具 本 体 最 大 外 径 为 \TU/TeXGyreTermesX(0)/m/n/12.045 139.5mm\TU/SimSun(0)/m/n/12.045 ，|  均 小 于 \TU/TeXGyreTermesX(0)/m/n/12.045 7[]\TU/SimSun(0)/m/n/12.045 套 管 的 内 径  |（随 磅 级 约 为 \TU/TeXGyreTermesX(0)/m/n/12.045 145$\OMS/cmsy/m/n/12.045 ^^X$\TU/TeXGyreTermesX(0)/m/n/12.045 166mm\TU/SimSun(0)/m/n/12.045 ） ，|
 []

[90]
Underfull \hbox (badness 10000) in paragraph at lines 19--19
[]|\TU/SimSun(0)/m/n/9.03374 收 回 待 命  |（投 球
 []


Underfull \hbox (badness 10000) in paragraph at lines 19--19
[]|\TU/TeXGyreTermesX(0)/m/n/9.03374 136mm |\TU/SimSun(0)/m/n/9.03374 （本 体
 []


Underfull \hbox (badness 10000) in paragraph at lines 21--21
[]|\TU/SimSun(0)/m/n/9.03374 张 开 刮 削  |（激 活
 []


Underfull \hbox (badness 10000) in paragraph at lines 22--22
[]|\TU/SimSun(0)/m/n/9.03374 复 位 弹 簧 收 回 至
 []

File: figure/chapter3/part5/variable-scrapter-structure.png Graphic file (type bmp)
<figure/chapter3/part5/variable-scrapter-structure.png>
[91] [92]
Overfull \hbox (1.1133pt too wide) in paragraph at lines 115--116
[] \TU/SimSun(0)/m/n/12.045 芯 轴 连 接 筒：|  按 图 纸 \TU/TeXGyreTermesX(0)/m/n/12.045 BJG700014A \TU/SimSun(0)/m/n/12.045 标 注 的 内 螺 纹 $[] \OT1/cmr/m/n/12.045 65 \OMS/cmsy/m/n/12.045 ^^B \OT1/cmr/m/n/12.045 4 \OMS/cmsy/m/n/12.045 ^^@ \OT1/cmr/m/n/12.045 8\OML/cmm/m/it/12.045 H$ \TU/SimSun(0)/m/n/12.045 小 径 $\OML/cmm/m/it/12.045 ^^^\OT1/cmr/m/n/12.045 62\OML/cmm/m/it/12.045 :\OT1/cmr/m/n/12.045 20 []/0$
 []


Overfull \hbox (13.13469pt too wide) in paragraph at lines 117--118
[]$\OML/cmm/m/it/12.045 ^^[[]$\TU/TeXGyreTermesX(0)/m/n/12.045 —\TU/SimSun(0)/m/n/12.045 材 料 最 小 屈 服 强 度；|  刮 刀 芯 轴 与 芯 轴 连 接 筒 材 料 均 为 \TU/TeXGyreTermesX(0)/m/n/12.045 4330V |\TU/SimSun(0)/m/n/12.045 （屈 服 强 度 $\OT1/cmr/m/n/12.045 1068 []$\TU/SimSun(0)/m/n/12.045 ） ，|
 []

[93] [94]
Overfull \hbox (17.60045pt too wide) in paragraph at lines 200--201
[]\TU/SimSun(0)/m/n/12.045 刮 壁 器 的 球 座 圆 周 设 计 \TU/TeXGyreTermesX(0)/m/n/12.045 4 \TU/SimSun(0)/m/n/12.045 组 剪 钉 参 与 剪 切  |（图 纸 \TU/TeXGyreTermesX(0)/m/n/12.045 BJG700015A \TU/SimSun(0)/m/n/12.045 球 座 标 注 $\OT1/cmr/m/n/12.045 4 \OMS/cmsy/m/n/12.045 ^^B \OT1/cmr/m/n/12.045 4\OML/cmm/m/it/12.045 :\OT1/cmr/m/n/12.045 80 []/0$
 []


Overfull \hbox (4.59845pt too wide) in paragraph at lines 225--226
[]$\OML/cmm/m/it/12.045 d$\TU/TeXGyreTermesX(0)/m/n/12.045 —\TU/SimSun(0)/m/n/12.045 球 座 承 压 面 直 径，| \TU/TeXGyreTermesX(0)/m/n/12.045 mm\TU/SimSun(0)/m/n/12.045 ；|  按 图 纸 \TU/TeXGyreTermesX(0)/m/n/12.045 BJG700015A \TU/SimSun(0)/m/n/12.045 球 座 标 注 的 锥 面 大 径 取 $\OML/cmm/m/it/12.045 d \OT1/cmr/m/n/12.045 = 40\OML/cmm/m/it/12.045 :\OT1/cmr/m/n/12.045 08 []$\TU/SimSun(0)/m/n/12.045 。|
 []

[95] [96]
File: figure/chapter3/part5/inner-pipe.png Graphic file (type bmp)
<figure/chapter3/part5/inner-pipe.png>
File: figure/simulation/guadaoxinzhou-lashen.png Graphic file (type bmp)
<figure/simulation/guadaoxinzhou-lashen.png>
File: figure/simulation/gaudaoxinzhou-niuju.png Graphic file (type bmp)
<figure/simulation/gaudaoxinzhou-niuju.png>
File: figure/chapter3/part5/unsetup/ball.png Graphic file (type bmp)
<figure/chapter3/part5/unsetup/ball.png>
 [97]
File: figure/chapter3/part5/unsetup/unsetup-satefy-screw.png Graphic file (type bmp)
<figure/chapter3/part5/unsetup/unsetup-satefy-screw.png>
File: figure/chapter3/part5/unsetup/unsetup-two-subs.png Graphic file (type bmp)
<figure/chapter3/part5/unsetup/unsetup-two-subs.png>
File: figure/chapter3/part5/unsetup/unsetup-fasten-parts.png Graphic file (type bmp)
<figure/chapter3/part5/unsetup/unsetup-fasten-parts.png>
 [98]
File: figure/chapter3/part5/unsetup/rotary-lever-set.png Graphic file (type bmp)
<figure/chapter3/part5/unsetup/rotary-lever-set.png>
File: figure/chapter3/part5/unsetup/end-links.png Graphic file (type bmp)
<figure/chapter3/part5/unsetup/end-links.png>
File: figure/chapter3/part5/unsetup/unsetup-scraper.png Graphic file (type bmp)
<figure/chapter3/part5/unsetup/unsetup-scraper.png>
File: figure/chapter3/part5/unsetup/left-links.png Graphic file (type bmp)
<figure/chapter3/part5/unsetup/left-links.png>
File: figure/chapter3/part5/unsetup/unsetup-inner-pipe.png Graphic file (type bmp)
<figure/chapter3/part5/unsetup/unsetup-inner-pipe.png>
File: figure/chapter3/part5/unsetup/unsetup-ball-and-seat.png Graphic file (type bmp)
<figure/chapter3/part5/unsetup/unsetup-ball-and-seat.png>
File: figure/chapter3/part5/unsetup/reseting-assembly.png Graphic file (type bmp)
<figure/chapter3/part5/unsetup/reseting-assembly.png>
File: figure/chapter3/part5/unsetup/resetting-assembly-unsetup.png Graphic file (type bmp)
<figure/chapter3/part5/unsetup/resetting-assembly-unsetup.png>
 [99]
File: figure/chapter3/part5/unsetup/middle-body-inner-pipe-ball.png Graphic file (type bmp)
<figure/chapter3/part5/unsetup/middle-body-inner-pipe-ball.png>
File: figure/chapter3/part5/unsetup/middle-inner-pipe-unsetup.png Graphic file (type bmp)
<figure/chapter3/part5/unsetup/middle-inner-pipe-unsetup.png>
File: figure/chapter3/part5/unsetup/piston-spring-limiter.png Graphic file (type bmp)
<figure/chapter3/part5/unsetup/piston-spring-limiter.png>
LaTeX Font Info:    Font shape `TU/TeXGyreTermesX(0)/b/n' will be
(Font)              scaled to size 9.03374pt on input line 411.
 [100] [101]
Overfull \hbox (3.57924pt too wide) in paragraph at lines 467--468
[]\TU/SimSun(0)/m/n/12.045 本 可 变 径 刮 管 器 应 与 \TU/TeXGyreTermesX(0)/m/n/12.045 7[]\TU/SimSun(0)/m/n/12.045 及 以 上 其 它 刮 管 器 配 合 使 用；|  本 工 具 刮 刀 收 回 外 径 \TU/TeXGyreTermesX(0)/m/n/12.045 136mm\TU/SimSun(0)/m/n/12.045 、|
 []

File: figure/chapter3/part5/10LperSec.png Graphic file (type bmp)
<figure/chapter3/part5/10LperSec.png>
File: figure/chapter3/part5/20LperSec.png Graphic file (type bmp)
<figure/chapter3/part5/20LperSec.png>
File: figure/chapter3/part5/30LperSec.png Graphic file (type bmp)
<figure/chapter3/part5/30LperSec.png>
File: figure/chapter3/part5/40LperSec.png Graphic file (type bmp)
<figure/chapter3/part5/40LperSec.png>
[102] [103] [104] [105] [106]) (./chapters/bib.tex [107] [108


]) [109] (./chapters/appendix1.tex [110

]

LaTeX Warning: Reference `keliyunyi' on page 111 undefined on input line 52.

[111]) [112] (./main.aux)
 ***********
LaTeX2e <2025-11-01>
L3 programming layer <2020/03/25>
 ***********


LaTeX Warning: There were undefined references.


LaTeX Warning: There were multiply-defined labels.

Package rerunfilecheck Info: File `main.out' has not changed.
(rerunfilecheck)             Checksum: D992886CD09466E1C86EB92A8AC5462E;17656.
 ) 
Here is how much of TeX's memory you used:
 37830 strings out of 470139
 895485 string characters out of 5477718
 1215365 words of memory out of 5000000
 65657 multiletter control sequences out of 15000+600000
 645530 words of font info for 142 fonts, out of 8000000 for 9000
 36 hyphenation exceptions out of 8191
 93i,18n,117p,1393b,1152s stack positions out of 10000i,1000n,20000p,200000b,200000s

Output written on main.pdf (117 pages).
